Component: Arm Compiler for Embedded 6.21 Tool: armlink [5ec1fa00]

==============================================================================

Section Cross References

    startup_stm32f103xb.o(STACK) refers (Special) to heapauxi.o(.text) for __use_two_region_memory
    startup_stm32f103xb.o(HEAP) refers (Special) to heapauxi.o(.text) for __use_two_region_memory
    startup_stm32f103xb.o(RESET) refers (Special) to heapauxi.o(.text) for __use_two_region_memory
    startup_stm32f103xb.o(RESET) refers to startup_stm32f103xb.o(STACK) for __initial_sp
    startup_stm32f103xb.o(RESET) refers to startup_stm32f103xb.o(.text) for Reset_Handler
    startup_stm32f103xb.o(RESET) refers to stm32f1xx_it.o(.text.NMI_Handler) for NMI_Handler
    startup_stm32f103xb.o(RESET) refers to stm32f1xx_it.o(.text.HardFault_Handler) for HardFault_Handler
    startup_stm32f103xb.o(RESET) refers to stm32f1xx_it.o(.text.MemManage_Handler) for MemManage_Handler
    startup_stm32f103xb.o(RESET) refers to stm32f1xx_it.o(.text.BusFault_Handler) for BusFault_Handler
    startup_stm32f103xb.o(RESET) refers to stm32f1xx_it.o(.text.UsageFault_Handler) for UsageFault_Handler
    startup_stm32f103xb.o(RESET) refers to stm32f1xx_it.o(.text.SVC_Handler) for SVC_Handler
    startup_stm32f103xb.o(RESET) refers to stm32f1xx_it.o(.text.DebugMon_Handler) for DebugMon_Handler
    startup_stm32f103xb.o(RESET) refers to stm32f1xx_it.o(.text.PendSV_Handler) for PendSV_Handler
    startup_stm32f103xb.o(RESET) refers to stm32f1xx_it.o(.text.SysTick_Handler) for SysTick_Handler
    startup_stm32f103xb.o(RESET) refers to stm32f1xx_it.o(.text.EXTI1_IRQHandler) for EXTI1_IRQHandler
    startup_stm32f103xb.o(RESET) refers to stm32f1xx_it.o(.text.DMA1_Channel4_IRQHandler) for DMA1_Channel4_IRQHandler
    startup_stm32f103xb.o(RESET) refers to stm32f1xx_it.o(.text.TIM2_IRQHandler) for TIM2_IRQHandler
    startup_stm32f103xb.o(RESET) refers to stm32f1xx_it.o(.text.USART1_IRQHandler) for USART1_IRQHandler
    startup_stm32f103xb.o(.text) refers (Special) to heapauxi.o(.text) for __use_two_region_memory
    startup_stm32f103xb.o(.text) refers to system_stm32f1xx.o(.text.SystemInit) for SystemInit
    startup_stm32f103xb.o(.text) refers to __main.o(!!!main) for __main
    startup_stm32f103xb.o(.text) refers to startup_stm32f103xb.o(HEAP) for Heap_Mem
    startup_stm32f103xb.o(.text) refers to startup_stm32f103xb.o(STACK) for Stack_Mem
    main.o(.text.main) refers to stm32f1xx_hal.o(.text.HAL_Init) for HAL_Init
    main.o(.text.main) refers to main.o(.text.SystemClock_Config) for SystemClock_Config
    main.o(.text.main) refers to main.o(.text.MX_GPIO_Init) for MX_GPIO_Init
    main.o(.text.main) refers to main.o(.text.MX_DMA_Init) for MX_DMA_Init
    main.o(.text.main) refers to main.o(.text.MX_RTC_Init) for MX_RTC_Init
    main.o(.text.main) refers to main.o(.text.MX_TIM2_Init) for MX_TIM2_Init
    main.o(.text.main) refers to main.o(.text.MX_USART1_UART_Init) for MX_USART1_UART_Init
    main.o(.text.main) refers to main.o(.text.RTC_time_init) for RTC_time_init
    main.o(.text.main) refers to main.o(.text.interrupt_routine) for interrupt_routine
    main.o(.text.main) refers to main.o(.data.one_time_flag) for one_time_flag
    main.o(.text.main) refers to main.o(.text.get_time) for get_time
    main.o(.text.main) refers to main.o(.text.get_date) for get_date
    main.o(.text.main) refers to main.o(.text.buff_UART_send) for buff_UART_send
    main.o(.ARM.exidx.text.main) refers to main.o(.text.main) for [Anonymous Symbol]
    main.o(.text.SystemClock_Config) refers to rt_memclr_w.o(.text) for __aeabi_memclr4
    main.o(.text.SystemClock_Config) refers to stm32f1xx_hal_rcc.o(.text.HAL_RCC_OscConfig) for HAL_RCC_OscConfig
    main.o(.text.SystemClock_Config) refers to main.o(.text.Error_Handler) for Error_Handler
    main.o(.text.SystemClock_Config) refers to stm32f1xx_hal_rcc.o(.text.HAL_RCC_ClockConfig) for HAL_RCC_ClockConfig
    main.o(.text.SystemClock_Config) refers to stm32f1xx_hal_rcc_ex.o(.text.HAL_RCCEx_PeriphCLKConfig) for HAL_RCCEx_PeriphCLKConfig
    main.o(.ARM.exidx.text.SystemClock_Config) refers to main.o(.text.SystemClock_Config) for [Anonymous Symbol]
    main.o(.text.MX_GPIO_Init) refers to stm32f1xx_hal_gpio.o(.text.HAL_GPIO_WritePin) for HAL_GPIO_WritePin
    main.o(.text.MX_GPIO_Init) refers to stm32f1xx_hal_gpio.o(.text.HAL_GPIO_Init) for HAL_GPIO_Init
    main.o(.text.MX_GPIO_Init) refers to stm32f1xx_hal_cortex.o(.text.HAL_NVIC_SetPriority) for HAL_NVIC_SetPriority
    main.o(.text.MX_GPIO_Init) refers to stm32f1xx_hal_cortex.o(.text.HAL_NVIC_EnableIRQ) for HAL_NVIC_EnableIRQ
    main.o(.ARM.exidx.text.MX_GPIO_Init) refers to main.o(.text.MX_GPIO_Init) for [Anonymous Symbol]
    main.o(.text.MX_DMA_Init) refers to stm32f1xx_hal_cortex.o(.text.HAL_NVIC_SetPriority) for HAL_NVIC_SetPriority
    main.o(.text.MX_DMA_Init) refers to stm32f1xx_hal_cortex.o(.text.HAL_NVIC_EnableIRQ) for HAL_NVIC_EnableIRQ
[...]
    RTC_WriteTimeCounter                     0x08004921   Thumb Code    80  stm32f1xx_hal_rtc.o(.text.RTC_WriteTimeCounter)
    [Anonymous Symbol]                       0x08004920   Section        0  stm32f1xx_hal_rtc.o(.text.RTC_WriteTimeCounter)
    [Anonymous Symbol]                       0x08004970   Section        0  main.o(.text.RTC_time_init)
    [Anonymous Symbol]                       0x080049bc   Section        0  stm32f1xx_it.o(.text.SVC_Handler)
    SysTick_Config                           0x080049c1   Thumb Code    82  stm32f1xx_hal_cortex.o(.text.SysTick_Config)
    [Anonymous Symbol]                       0x080049c0   Section        0  stm32f1xx_hal_cortex.o(.text.SysTick_Config)
    [Anonymous Symbol]                       0x08004a14   Section        0  stm32f1xx_it.o(.text.SysTick_Handler)
    [Anonymous Symbol]                       0x08004a1c   Section        0  main.o(.text.SystemClock_Config)
    [Anonymous Symbol]                       0x08004ab0   Section        0  system_stm32f1xx.o(.text.SystemInit)
    [Anonymous Symbol]                       0x08004ab4   Section        0  stm32f1xx_it.o(.text.TIM2_IRQHandler)
    [Anonymous Symbol]                       0x08004ac4   Section        0  stm32f1xx_hal_tim.o(.text.TIM_Base_SetConfig)
    [Anonymous Symbol]                       0x08004bcc   Section        0  stm32f1xx_hal_tim.o(.text.TIM_ETR_SetConfig)
    TIM_ITRx_SetConfig                       0x08004c01   Thumb Code    42  stm32f1xx_hal_tim.o(.text.TIM_ITRx_SetConfig)
    [Anonymous Symbol]                       0x08004c00   Section        0  stm32f1xx_hal_tim.o(.text.TIM_ITRx_SetConfig)
    TIM_TI1_ConfigInputStage                 0x08004c2d   Thumb Code    80  stm32f1xx_hal_tim.o(.text.TIM_TI1_ConfigInputStage)
    [Anonymous Symbol]                       0x08004c2c   Section        0  stm32f1xx_hal_tim.o(.text.TIM_TI1_ConfigInputStage)
    TIM_TI2_ConfigInputStage                 0x08004c7d   Thumb Code    82  stm32f1xx_hal_tim.o(.text.TIM_TI2_ConfigInputStage)
    [Anonymous Symbol]                       0x08004c7c   Section        0  stm32f1xx_hal_tim.o(.text.TIM_TI2_ConfigInputStage)
    UART_DMAAbortOnError                     0x08004cd1   Thumb Code    32  stm32f1xx_hal_uart.o(.text.UART_DMAAbortOnError)
    [Anonymous Symbol]                       0x08004cd0   Section        0  stm32f1xx_hal_uart.o(.text.UART_DMAAbortOnError)
    UART_DMAError                            0x08004cf1   Thumb Code   124  stm32f1xx_hal_uart.o(.text.UART_DMAError)
    [Anonymous Symbol]                       0x08004cf0   Section        0  stm32f1xx_hal_uart.o(.text.UART_DMAError)
    UART_DMATransmitCplt                     0x08004d6d   Thumb Code   122  stm32f1xx_hal_uart.o(.text.UART_DMATransmitCplt)
    [Anonymous Symbol]                       0x08004d6c   Section        0  stm32f1xx_hal_uart.o(.text.UART_DMATransmitCplt)
    UART_DMATxHalfCplt                       0x08004de9   Thumb Code    22  stm32f1xx_hal_uart.o(.text.UART_DMATxHalfCplt)
    [Anonymous Symbol]                       0x08004de8   Section        0  stm32f1xx_hal_uart.o(.text.UART_DMATxHalfCplt)
    UART_EndRxTransfer                       0x08004e01   Thumb Code   148  stm32f1xx_hal_uart.o(.text.UART_EndRxTransfer)
    [Anonymous Symbol]                       0x08004e00   Section        0  stm32f1xx_hal_uart.o(.text.UART_EndRxTransfer)
    UART_EndTransmit_IT                      0x08004e95   Thumb Code    38  stm32f1xx_hal_uart.o(.text.UART_EndTransmit_IT)
    [Anonymous Symbol]                       0x08004e94   Section        0  stm32f1xx_hal_uart.o(.text.UART_EndTransmit_IT)
    UART_EndTxTransfer                       0x08004ebd   Thumb Code    54  stm32f1xx_hal_uart.o(.text.UART_EndTxTransfer)
    [Anonymous Symbol]                       0x08004ebc   Section        0  stm32f1xx_hal_uart.o(.text.UART_EndTxTransfer)
    UART_Receive_IT                          0x08004ef5   Thumb Code   362  stm32f1xx_hal_uart.o(.text.UART_Receive_IT)
    [Anonymous Symbol]                       0x08004ef4   Section        0  stm32f1xx_hal_uart.o(.text.UART_Receive_IT)
    UART_SetConfig                           0x08005061   Thumb Code   186  stm32f1xx_hal_uart.o(.text.UART_SetConfig)
    [Anonymous Symbol]                       0x08005060   Section        0  stm32f1xx_hal_uart.o(.text.UART_SetConfig)
    UART_Transmit_IT                         0x0800511d   Thumb Code   148  stm32f1xx_hal_uart.o(.text.UART_Transmit_IT)
    [Anonymous Symbol]                       0x0800511c   Section        0  stm32f1xx_hal_uart.o(.text.UART_Transmit_IT)
    [Anonymous Symbol]                       0x080051b0   Section        0  stm32f1xx_it.o(.text.USART1_IRQHandler)
    [Anonymous Symbol]                       0x080051c0   Section        0  stm32f1xx_it.o(.text.UsageFault_Handler)
    __NVIC_EnableIRQ                         0x080051c5   Thumb Code    48  stm32f1xx_hal_cortex.o(.text.__NVIC_EnableIRQ)
    [Anonymous Symbol]                       0x080051c4   Section        0  stm32f1xx_hal_cortex.o(.text.__NVIC_EnableIRQ)
    __NVIC_GetPriorityGrouping               0x080051f5   Thumb Code    16  stm32f1xx_hal_cortex.o(.text.__NVIC_GetPriorityGrouping)
    [Anonymous Symbol]                       0x080051f4   Section        0  stm32f1xx_hal_cortex.o(.text.__NVIC_GetPriorityGrouping)
    __NVIC_SetPriority                       0x08005205   Thumb Code    66  stm32f1xx_hal_cortex.o(.text.__NVIC_SetPriority)
    [Anonymous Symbol]                       0x08005204   Section        0  stm32f1xx_hal_cortex.o(.text.__NVIC_SetPriority)
    __NVIC_SetPriorityGrouping               0x08005249   Thumb Code    60  stm32f1xx_hal_cortex.o(.text.__NVIC_SetPriorityGrouping)
    [Anonymous Symbol]                       0x08005248   Section        0  stm32f1xx_hal_cortex.o(.text.__NVIC_SetPriorityGrouping)
    [Anonymous Symbol]                       0x08005284   Section        0  main.o(.text.buff_UART_send)
    [Anonymous Symbol]                       0x080052ec   Section        0  main.o(.text.get_date)
    [Anonymous Symbol]                       0x08005310   Section        0  main.o(.text.get_time)
    [Anonymous Symbol]                       0x08005334   Section        0  main.o(.text.interrupt_routine)
    [Anonymous Symbol]                       0x080053c0   Section        0  main.o(.text.led_off)
    [Anonymous Symbol]                       0x080053d8   Section        0  main.o(.text.led_on)
    [Anonymous Symbol]                       0x080053f0   Section        0  main.o(.text.main)
    CL$$btod_d2e                             0x0800544e   Section       62  btod.o(CL$$btod_d2e)
    CL$$btod_d2e_denorm_low                  0x0800548c   Section       70  btod.o(CL$$btod_d2e_denorm_low)
    CL$$btod_d2e_norm_op1                    0x080054d2   Section       96  btod.o(CL$$btod_d2e_norm_op1)
    CL$$btod_div_common                      0x08005534   Section      824  btod.o(CL$$btod_div_common)
    CL$$btod_e2e                             0x0800586c   Section      220  btod.o(CL$$btod_e2e)
    CL$$btod_ediv                            0x08005948   Section       42  btod.o(CL$$btod_ediv)
    CL$$btod_emul                            0x08005972   Section       42  btod.o(CL$$btod_emul)
    CL$$btod_mult_common                     0x0800599c   Section      580  btod.o(CL$$btod_mult_common)
    i.__ARM_fpclassify                       0x08005be0   Section        0  fpclassify.o(i.__ARM_fpclassify)
    i._is_digit                              0x08005c08   Section        0  __printf_wp.o(i._is_digit)
    locale$$code                             0x08005c18   Section       44  lc_numeric_c.o(locale$$code)
    locale$$code                             0x08005c44   Section       44  lc_ctype_c.o(locale$$code)
    x$fpl$printf1                            0x08005c70   Section        4  printf1.o(x$fpl$printf1)
    x$fpl$printf2                            0x08005c74   Section        4  printf2.o(x$fpl$printf2)
    initial_mbstate                          0x08005c78   Data           8  _printf_wctomb.o(.constdata)
    .constdata                               0x08005c78   Section        8  _printf_wctomb.o(.constdata)
    x$fpl$usenofp                            0x08005c78   Section        0  usenofp.o(x$fpl$usenofp)
    uc_hextab                                0x08005c80   Data          20  _printf_hex_int_ll_ptr.o(.constdata)
    .constdata                               0x08005c80   Section       40  _printf_hex_int_ll_ptr.o(.constdata)
    lc_hextab                                0x08005c94   Data          20  _printf_hex_int_ll_ptr.o(.constdata)
    maptable                                 0x08005ca8   Data          17  __printf_flags_ss_wp.o(.constdata)
    .constdata                               0x08005ca8   Section       17  __printf_flags_ss_wp.o(.constdata)
    lc_hextab                                0x08005cb9   Data          19  _printf_fp_hex.o(.constdata)
    .constdata                               0x08005cb9   Section       38  _printf_fp_hex.o(.constdata)
    uc_hextab                                0x08005ccc   Data          19  _printf_fp_hex.o(.constdata)
    tenpwrs_x                                0x08005ce0   Data          60  bigflt0.o(.constdata)
    .constdata                               0x08005ce0   Section      148  bigflt0.o(.constdata)
    tenpwrs_i                                0x08005d1c   Data          64  bigflt0.o(.constdata)
    HAL_RCCEx_GetPeriphCLKFreq.aPLLMULFactorTable 0x08005d8c   Data          16  stm32f1xx_hal_rcc_ex.o(.rodata.HAL_RCCEx_GetPeriphCLKFreq.aPLLMULFactorTable)
    [Anonymous Symbol]                       0x08005d8c   Section        0  stm32f1xx_hal_rcc_ex.o(.rodata.HAL_RCCEx_GetPeriphCLKFreq.aPLLMULFactorTable)
    HAL_RCCEx_GetPeriphCLKFreq.aPredivFactorTable 0x08005d9c   Data           2  stm32f1xx_hal_rcc_ex.o(.rodata.HAL_RCCEx_GetPeriphCLKFreq.aPredivFactorTable)
    [Anonymous Symbol]                       0x08005d9c   Section        0  stm32f1xx_hal_rcc_ex.o(.rodata.HAL_RCCEx_GetPeriphCLKFreq.aPredivFactorTable)
    HAL_RCC_GetSysClockFreq.aPLLMULFactorTable 0x08005d9e   Data          16  stm32f1xx_hal_rcc.o(.rodata.HAL_RCC_GetSysClockFreq.aPLLMULFactorTable)
    [Anonymous Symbol]                       0x08005d9e   Section        0  stm32f1xx_hal_rcc.o(.rodata.HAL_RCC_GetSysClockFreq.aPLLMULFactorTable)
    HAL_RCC_GetSysClockFreq.aPredivFactorTable 0x08005dae   Data           2  stm32f1xx_hal_rcc.o(.rodata.HAL_RCC_GetSysClockFreq.aPredivFactorTable)
    [Anonymous Symbol]                       0x08005dae   Section        0  stm32f1xx_hal_rcc.o(.rodata.HAL_RCC_GetSysClockFreq.aPredivFactorTable)
    .L.str                                   0x08005db0   Data          43  main.o(.rodata.str1.1)
    [Anonymous Symbol]                       0x08005db0   Section        0  main.o(.rodata.str1.1)
    locale$$data                             0x08005dfc   Section       28  lc_numeric_c.o(locale$$data)
    __lcnum_c_name                           0x08005e00   Data           2  lc_numeric_c.o(locale$$data)
    __lcnum_c_start                          0x08005e08   Data           0  lc_numeric_c.o(locale$$data)
    __lcnum_c_point                          0x08005e14   Data           0  lc_numeric_c.o(locale$$data)
    __lcnum_c_thousands                      0x08005e16   Data           0  lc_numeric_c.o(locale$$data)
    __lcnum_c_grouping                       0x08005e17   Data           0  lc_numeric_c.o(locale$$data)
    __lcnum_c_end                            0x08005e18   Data           0  lc_numeric_c.o(locale$$data)
    locale$$data                             0x08005e18   Section      272  lc_ctype_c.o(locale$$data)
    __lcctype_c_name                         0x08005e1c   Data           2  lc_ctype_c.o(locale$$data)
    __lcctype_c_start                        0x08005e24   Data           0  lc_ctype_c.o(locale$$data)
    __lcctype_c_end                          0x08005f28   Data           0  lc_ctype_c.o(locale$$data)
    .bss                                     0x20000010   Section       96  libspace.o(.bss)
    Heap_Mem                                 0x20000190   Data         512  startup_stm32f103xb.o(HEAP)
    HEAP                                     0x20000190   Section      512  startup_stm32f103xb.o(HEAP)
    Stack_Mem                                0x20000390   Data        1024  startup_stm32f103xb.o(STACK)
    STACK                                    0x20000390   Section     1024  startup_stm32f103xb.o(STACK)
    __initial_sp                             0x20000790   Data           0  startup_stm32f103xb.o(STACK)

    Global Symbols

    Symbol Name                              Value     Ov Type        Size  Object(Section)

    BuildAttributes$$THM_ISAv4$P$D$K$B$S$PE$A:L22UL41UL21$X:L11$S22US41US21$IEEE1$IW$~IW$USESV6$~STKCKD$USESV7$~SHL$OTIME$ROPI$IEEEJ$EBA8$UX$STANDARDLIB$REQ8$PRES8$EABIv2 0x00000000   Number         0  anon$$obj.o ABSOLUTE
    __fp_init_empty                          0x00000000   Number         0  fpinit_empty.o ABSOLUTE
    _printf_flags                            0x00000000   Number         0  printf_stubs.o ABSOLUTE
    _printf_return_value                     0x00000000   Number         0  printf_stubs.o ABSOLUTE
    _printf_sizespec                         0x00000000   Number         0  printf_stubs.o ABSOLUTE
    _printf_widthprec                        0x00000000   Number         0  printf_stubs.o ABSOLUTE
    __ARM_exceptions_init                     - Undefined Weak Reference
    __alloca_initialize                       - Undefined Weak Reference
    __arm_preinit_                            - Undefined Weak Reference
    __arm_relocate_pie_                       - Undefined Weak Reference
    __cpp_initialize__aeabi_                  - Undefined Weak Reference
    __cxa_finalize                            - Undefined Weak Reference
    __sigvec_lookup                           - Undefined Weak Reference
    _atexit_init                              - Undefined Weak Reference
    _call_atexit_fns                          - Undefined Weak Reference
    _clock_init                               - Undefined Weak Reference
    _fp_trap_init                             - Undefined Weak Reference
    _fp_trap_shutdown                         - Undefined Weak Reference
    _get_lc_collate                           - Undefined Weak Reference
    _get_lc_monetary                          - Undefined Weak Reference
    _get_lc_time                              - Undefined Weak Reference
    _getenv_init                              - Undefined Weak Reference
    _handle_redirection                       - Undefined Weak Reference
    _init_alloc                               - Undefined Weak Reference
    _init_user_alloc                          - Undefined Weak Reference
    _initio                                   - Undefined Weak Reference
    _printf_mbtowc                            - Undefined Weak Reference
    _printf_wc                                - Undefined Weak Reference
    _rand_init                                - Undefined Weak Reference
    _signal_finish                            - Undefined Weak Reference
    _signal_init                              - Undefined Weak Reference
    _terminate_alloc                          - Undefined Weak Reference
    _terminate_user_alloc                     - Undefined Weak Reference
    _terminateio                              - Undefined Weak Reference
    __Vectors_Size                           0x000000ec   Number         0  startup_stm32f103xb.o ABSOLUTE
    __Vectors                                0x08000000   Data           4  startup_stm32f103xb.o(RESET)
    __Vectors_End                            0x080000ec   Data           0  startup_stm32f103xb.o(RESET)
    __main                                   0x080000ed   Thumb Code     8  __main.o(!!!main)
    __scatterload                            0x080000f5   Thumb Code     0  __scatter.o(!!!scatter)
    __scatterload_rt2                        0x080000f5   Thumb Code    84  __scatter.o(!!!scatter)
    __scatterload_rt2_thumb_only             0x080000f5   Thumb Code     0  __scatter.o(!!!scatter)
    __scatterload_loop                       0x080000ff   Thumb Code     0  __scatter.o(!!!scatter)
    __scatterload_copy                       0x08000151   Thumb Code    26  __scatter_copy.o(!!handler_copy)
    __scatterload_null                       0x0800016d   Thumb Code     2  __scatter.o(!!handler_null)
    __scatterload_zeroinit                   0x08000171   Thumb Code    28  __scatter_zi.o(!!handler_zi)
    _printf_n                                0x0800018d   Thumb Code     0  _printf_n.o(.ARM.Collect$$_printf_percent$$00000001)
    _printf_percent                          0x0800018d   Thumb Code     0  _printf_percent.o(.ARM.Collect$$_printf_percent$$00000000)
    _printf_p                                0x08000193   Thumb Code     0  _printf_p.o(.ARM.Collect$$_printf_percent$$00000002)
    _printf_f                                0x08000199   Thumb Code     0  _printf_f.o(.ARM.Collect$$_printf_percent$$00000003)
    _printf_e                                0x0800019f   Thumb Code     0  _printf_e.o(.ARM.Collect$$_printf_percent$$00000004)
    _printf_g                                0x080001a5   Thumb Code     0  _printf_g.o(.ARM.Collect$$_printf_percent$$00000005)
    _printf_a                                0x080001ab   Thumb Code     0  _printf_a.o(.ARM.Collect$$_printf_percent$$00000006)
    _printf_ll                               0x080001b1   Thumb Code     0  _printf_ll.o(.ARM.Collect$$_printf_percent$$00000007)
    _printf_i                                0x080001bb   Thumb Code     0  _printf_i.o(.ARM.Collect$$_printf_percent$$00000008)
    _printf_d                                0x080001c1   Thumb Code     0  _printf_d.o(.ARM.Collect$$_printf_percent$$00000009)
    _printf_u                                0x080001c7   Thumb Code     0  _printf_u.o(.ARM.Collect$$_printf_percent$$0000000A)
    _printf_o                                0x080001cd   Thumb Code     0  _printf_o.o(.ARM.Collect$$_printf_percent$$0000000B)
    _printf_x                                0x080001d3   Thumb Code     0  _printf_x.o(.ARM.Collect$$_printf_percent$$0000000C)
    _printf_lli                              0x080001d9   Thumb Code     0  _printf_lli.o(.ARM.Collect$$_printf_percent$$0000000D)
    _printf_lld                              0x080001df   Thumb Code     0  _printf_lld.o(.ARM.Collect$$_printf_percent$$0000000E)
    _printf_llu                              0x080001e5   Thumb Code     0  _printf_llu.o(.ARM.Collect$$_printf_percent$$0000000F)
    _printf_llo                              0x080001eb   Thumb Code     0  _printf_llo.o(.ARM.Collect$$_printf_percent$$00000010)
    _printf_llx                              0x080001f1   Thumb Code     0  _printf_llx.o(.ARM.Collect$$_printf_percent$$00000011)
    _printf_l                                0x080001f7   Thumb Code     0  _printf_l.o(.ARM.Collect$$_printf_percent$$00000012)
    _printf_c                                0x08000201   Thumb Code     0  _printf_c.o(.ARM.Collect$$_printf_percent$$00000013)
    _printf_s                                0x08000207   Thumb Code     0  _printf_s.o(.ARM.Collect$$_printf_percent$$00000014)
    _printf_lc                               0x0800020d   Thumb Code     0  _printf_lc.o(.ARM.Collect$$_printf_percent$$00000015)
    _printf_ls                               0x08000213   Thumb Code     0  _printf_ls.o(.ARM.Collect$$_printf_percent$$00000016)
    _printf_percent_end                      0x08000219   Thumb Code     0  _printf_percent_end.o(.ARM.Collect$$_printf_percent$$00000017)
    __rt_lib_init                            0x0800021d   Thumb Code     0  libinit.o(.ARM.Collect$$libinit$$00000000)
    __rt_lib_init_fp_1                       0x0800021f   Thumb Code     0  libinit2.o(.ARM.Collect$$libinit$$00000002)
    __rt_lib_init_heap_1                     0x0800021f   Thumb Code     0  libinit2.o(.ARM.Collect$$libinit$$0000000C)
    __rt_lib_init_lc_common                  0x0800021f   Thumb Code     0  libinit2.o(.ARM.Collect$$libinit$$00000011)
    __rt_lib_init_preinit_1                  0x0800021f   Thumb Code     0  libinit2.o(.ARM.Collect$$libinit$$00000006)
    __rt_lib_init_rand_1                     0x0800021f   Thumb Code     0  libinit2.o(.ARM.Collect$$libinit$$00000010)
    __rt_lib_init_relocate_pie_1             0x0800021f   Thumb Code     0  libinit2.o(.ARM.Collect$$libinit$$00000004)
    __rt_lib_init_user_alloc_1               0x0800021f   Thumb Code     0  libinit2.o(.ARM.Collect$$libinit$$0000000E)
    __rt_lib_init_lc_collate_1               0x08000225   Thumb Code     0  libinit2.o(.ARM.Collect$$libinit$$00000013)
    __rt_lib_init_lc_ctype_2                 0x08000225   Thumb Code     0  libinit2.o(.ARM.Collect$$libinit$$00000014)
    __rt_lib_init_lc_ctype_1                 0x08000231   Thumb Code     0  libinit2.o(.ARM.Collect$$libinit$$00000015)
    __rt_lib_init_lc_monetary_1              0x08000231   Thumb Code     0  libinit2.o(.ARM.Collect$$libinit$$00000017)
    __rt_lib_init_lc_numeric_2               0x08000231   Thumb Code     0  libinit2.o(.ARM.Collect$$libinit$$00000018)
    __rt_lib_init_alloca_1                   0x0800023b   Thumb Code     0  libinit2.o(.ARM.Collect$$libinit$$00000030)
    __rt_lib_init_argv_1                     0x0800023b   Thumb Code     0  libinit2.o(.ARM.Collect$$libinit$$0000002E)
    __rt_lib_init_atexit_1                   0x0800023b   Thumb Code     0  libinit2.o(.ARM.Collect$$libinit$$0000001D)
    __rt_lib_init_clock_1                    0x0800023b   Thumb Code     0  libinit2.o(.ARM.Collect$$libinit$$00000023)
    __rt_lib_init_cpp_1                      0x0800023b   Thumb Code     0  libinit2.o(.ARM.Collect$$libinit$$00000034)
    __rt_lib_init_exceptions_1               0x0800023b   Thumb Code     0  libinit2.o(.ARM.Collect$$libinit$$00000032)
    __rt_lib_init_fp_trap_1                  0x0800023b   Thumb Code     0  libinit2.o(.ARM.Collect$$libinit$$00000021)
    __rt_lib_init_getenv_1                   0x0800023b   Thumb Code     0  libinit2.o(.ARM.Collect$$libinit$$00000025)
    __rt_lib_init_lc_numeric_1               0x0800023b   Thumb Code     0  libinit2.o(.ARM.Collect$$libinit$$00000019)
    __rt_lib_init_lc_time_1                  0x0800023b   Thumb Code     0  libinit2.o(.ARM.Collect$$libinit$$0000001B)
    __rt_lib_init_return                     0x0800023b   Thumb Code     0  libinit2.o(.ARM.Collect$$libinit$$00000035)
    __rt_lib_init_signal_1                   0x0800023b   Thumb Code     0  libinit2.o(.ARM.Collect$$libinit$$0000001F)
    __rt_lib_init_stdio_1                    0x0800023b   Thumb Code     0  libinit2.o(.ARM.Collect$$libinit$$00000027)
    __rt_lib_shutdown                        0x0800023d   Thumb Code     0  libshutdown.o(.ARM.Collect$$libshutdown$$00000000)
    __rt_lib_shutdown_cpp_1                  0x0800023f   Thumb Code     0  libshutdown2.o(.ARM.Collect$$libshutdown$$00000002)
    __rt_lib_shutdown_fp_trap_1              0x0800023f   Thumb Code     0  libshutdown2.o(.ARM.Collect$$libshutdown$$00000007)
    __rt_lib_shutdown_heap_1                 0x0800023f   Thumb Code     0  libshutdown2.o(.ARM.Collect$$libshutdown$$0000000F)
    __rt_lib_shutdown_return                 0x0800023f   Thumb Code     0  libshutdown2.o(.ARM.Collect$$libshutdown$$00000010)
    __rt_lib_shutdown_signal_1               0x0800023f   Thumb Code     0  libshutdown2.o(.ARM.Collect$$libshutdown$$0000000A)
    __rt_lib_shutdown_stdio_1                0x0800023f   Thumb Code     0  libshutdown2.o(.ARM.Collect$$libshutdown$$00000004)
    __rt_lib_shutdown_user_alloc_1           0x0800023f   Thumb Code     0  libshutdown2.o(.ARM.Collect$$libshutdown$$0000000C)
    __rt_entry                               0x08000241   Thumb Code     0  __rtentry.o(.ARM.Collect$$rtentry$$00000000)
    __rt_entry_presh_1                       0x08000241   Thumb Code     0  __rtentry2.o(.ARM.Collect$$rtentry$$00000002)
    __rt_entry_sh                            0x08000241   Thumb Code     0  __rtentry4.o(.ARM.Collect$$rtentry$$00000004)
    __rt_entry_li                            0x08000247   Thumb Code     0  __rtentry2.o(.ARM.Collect$$rtentry$$0000000A)
    __rt_entry_postsh_1                      0x08000247   Thumb Code     0  __rtentry2.o(.ARM.Collect$$rtentry$$00000009)
    __rt_entry_main                          0x0800024b   Thumb Code     0  __rtentry2.o(.ARM.Collect$$rtentry$$0000000D)
    __rt_entry_postli_1                      0x0800024b   Thumb Code     0  __rtentry2.o(.ARM.Collect$$rtentry$$0000000C)
    __rt_exit                                0x08000253   Thumb Code     0  rtexit.o(.ARM.Collect$$rtexit$$00000000)
    __rt_exit_ls                             0x08000255   Thumb Code     0  rtexit2.o(.ARM.Collect$$rtexit$$00000003)
    __rt_exit_prels_1                        0x08000255   Thumb Code     0  rtexit2.o(.ARM.Collect$$rtexit$$00000002)
    __rt_exit_exit                           0x08000259   Thumb Code     0  rtexit2.o(.ARM.Collect$$rtexit$$00000004)
    Reset_Handler                            0x08000261   Thumb Code     8  startup_stm32f103xb.o(.text)
    ADC1_2_IRQHandler                        0x0800027b   Thumb Code     0  startup_stm32f103xb.o(.text)
    CAN1_RX1_IRQHandler                      0x0800027b   Thumb Code     0  startup_stm32f103xb.o(.text)
    CAN1_SCE_IRQHandler                      0x0800027b   Thumb Code     0  startup_stm32f103xb.o(.text)
    DMA1_Channel1_IRQHandler                 0x0800027b   Thumb Code     0  startup_stm32f103xb.o(.text)
    DMA1_Channel2_IRQHandler                 0x0800027b   Thumb Code     0  startup_stm32f103xb.o(.text)
    DMA1_Channel3_IRQHandler                 0x0800027b   Thumb Code     0  startup_stm32f103xb.o(.text)
    DMA1_Channel5_IRQHandler                 0x0800027b   Thumb Code     0  startup_stm32f103xb.o(.text)
    DMA1_Channel6_IRQHandler                 0x0800027b   Thumb Code     0  startup_stm32f103xb.o(.text)
    DMA1_Channel7_IRQHandler                 0x0800027b   Thumb Code     0  startup_stm32f103xb.o(.text)
    EXTI0_IRQHandler                         0x0800027b   Thumb Code     0  startup_stm32f103xb.o(.text)
    EXTI15_10_IRQHandler                     0x0800027b   Thumb Code     0  startup_stm32f103xb.o(.text)
    EXTI2_IRQHandler                         0x0800027b   Thumb Code     0  startup_stm32f103xb.o(.text)
    EXTI3_IRQHandler                         0x0800027b   Thumb Code     0  startup_stm32f103xb.o(.text)
    EXTI4_IRQHandler                         0x0800027b   Thumb Code     0  startup_stm32f103xb.o(.text)
    EXTI9_5_IRQHandler                       0x0800027b   Thumb Code     0  startup_stm32f103xb.o(.text)
    FLASH_IRQHandler                         0x0800027b   Thumb Code     0  startup_stm32f103xb.o(.text)
    I2C1_ER_IRQHandler                       0x0800027b   Thumb Code     0  startup_stm32f103xb.o(.text)
    I2C1_EV_IRQHandler                       0x0800027b   Thumb Code     0  startup_stm32f103xb.o(.text)
    I2C2_ER_IRQHandler                       0x0800027b   Thumb Code     0  startup_stm32f103xb.o(.text)
    I2C2_EV_IRQHandler                       0x0800027b   Thumb Code     0  startup_stm32f103xb.o(.text)
    PVD_IRQHandler                           0x0800027b   Thumb Code     0  startup_stm32f103xb.o(.text)
    RCC_IRQHandler                           0x0800027b   Thumb Code     0  startup_stm32f103xb.o(.text)
    RTC_Alarm_IRQHandler                     0x0800027b   Thumb Code     0  startup_stm32f103xb.o(.text)
    RTC_IRQHandler                           0x0800027b   Thumb Code     0  startup_stm32f103xb.o(.text)
    SPI1_IRQHandler                          0x0800027b   Thumb Code     0  startup_stm32f103xb.o(.text)
    SPI2_IRQHandler                          0x0800027b   Thumb Code     0  startup_stm32f103xb.o(.text)
    TAMPER_IRQHandler                        0x0800027b   Thumb Code     0  startup_stm32f103xb.o(.text)
    TIM1_BRK_IRQHandler                      0x0800027b   Thumb Code     0  startup_stm32f103xb.o(.text)
    TIM1_CC_IRQHandler                       0x0800027b   Thumb Code     0  startup_stm32f103xb.o(.text)
    TIM1_TRG_COM_IRQHandler                  0x0800027b   Thumb Code     0  startup_stm32f103xb.o(.text)
    TIM1_UP_IRQHandler                       0x0800027b   Thumb Code     0  startup_stm32f103xb.o(.text)
    TIM3_IRQHandler                          0x0800027b   Thumb Code     0  startup_stm32f103xb.o(.text)
    TIM4_IRQHandler                          0x0800027b   Thumb Code     0  startup_stm32f103xb.o(.text)
    USART2_IRQHandler                        0x0800027b   Thumb Code     0  startup_stm32f103xb.o(.text)
    USART3_IRQHandler                        0x0800027b   Thumb Code     0  startup_stm32f103xb.o(.text)
    USBWakeUp_IRQHandler                     0x0800027b   Thumb Code     0  startup_stm32f103xb.o(.text)
    USB_HP_CAN1_TX_IRQHandler                0x0800027b   Thumb Code     0  startup_stm32f103xb.o(.text)
    USB_LP_CAN1_RX0_IRQHandler               0x0800027b   Thumb Code     0  startup_stm32f103xb.o(.text)
    WWDG_IRQHandler                          0x0800027b   Thumb Code     0  startup_stm32f103xb.o(.text)
    __user_initial_stackheap                 0x0800027d   Thumb Code     0  startup_stm32f103xb.o(.text)
    sprintf                                  0x080002a1   Thumb Code    38  sprintf.o(.text)
    strlen                                   0x080002cd   Thumb Code    62  strlen.o(.text)
    __aeabi_memclr4                          0x0800030b   Thumb Code     0  rt_memclr_w.o(.text)
    __aeabi_memclr8                          0x0800030b   Thumb Code     0  rt_memclr_w.o(.text)
    __rt_memclr_w                            0x0800030b   Thumb Code     0  rt_memclr_w.o(.text)
    _memset_w                                0x0800030f   Thumb Code    74  rt_memclr_w.o(.text)
    __use_two_region_memory                  0x08000359   Thumb Code     2  heapauxi.o(.text)
    __rt_heap_escrow$2region                 0x0800035b   Thumb Code     2  heapauxi.o(.text)
    __rt_heap_expand$2region                 0x0800035d   Thumb Code     2  heapauxi.o(.text)
    _printf_pre_padding                      0x0800035f   Thumb Code    44  _printf_pad.o(.text)
    _printf_post_padding                     0x0800038b   Thumb Code    34  _printf_pad.o(.text)
    _printf_truncate_signed                  0x080003ad   Thumb Code    18  _printf_truncate.o(.text)
    _printf_truncate_unsigned                0x080003bf   Thumb Code    18  _printf_truncate.o(.text)
    _printf_str                              0x080003d1   Thumb Code    82  _printf_str.o(.text)
    _printf_int_dec                          0x08000425   Thumb Code   104  _printf_dec.o(.text)
    _printf_charcount                        0x0800049d   Thumb Code    40  _printf_charcount.o(.text)
    _printf_char_common                      0x080004cf   Thumb Code    32  _printf_char_common.o(.text)
    _sputc                                   0x080004f5   Thumb Code    10  _sputc.o(.text)
    _printf_wctomb                           0x08000501   Thumb Code   182  _printf_wctomb.o(.text)
    _printf_longlong_dec                     0x080005bd   Thumb Code   108  _printf_longlong_dec.o(.text)
    _printf_longlong_oct                     0x08000639   Thumb Code    68  _printf_oct_int_ll.o(.text)
    _printf_int_oct                          0x0800067d   Thumb Code    24  _printf_oct_int_ll.o(.text)
    _printf_ll_oct                           0x08000695   Thumb Code    12  _printf_oct_int_ll.o(.text)
    _printf_longlong_hex                     0x080006a9   Thumb Code    86  _printf_hex_int_ll_ptr.o(.text)
    _printf_int_hex                          0x080006ff   Thumb Code    28  _printf_hex_int_ll_ptr.o(.text)
    _printf_ll_hex                           0x0800071b   Thumb Code    12  _printf_hex_int_ll_ptr.o(.text)
    _printf_hex_ptr                          0x08000727   Thumb Code    18  _printf_hex_int_ll_ptr.o(.text)
    __printf                                 0x0800073d   Thumb Code   388  __printf_flags_ss_wp.o(.text)
    _ll_udiv10                               0x080008c5   Thumb Code   138  lludiv10.o(.text)
    _printf_int_common                       0x0800094f   Thumb Code   178  _printf_intcommon.o(.text)
    _printf_fp_dec_real                      0x08000bb1   Thumb Code   620  _printf_fp_dec.o(.text)
    _printf_fp_hex_real                      0x08000e1d   Thumb Code   756  _printf_fp_hex.o(.text)
    _printf_cs_common                        0x08001119   Thumb Code    20  _printf_char.o(.text)
    _printf_char                             0x0800112d   Thumb Code    16  _printf_char.o(.text)
    _printf_string                           0x0800113d   Thumb Code     8  _printf_char.o(.text)
    _printf_lcs_common                       0x08001145   Thumb Code    20  _printf_wchar.o(.text)
    _printf_wchar                            0x08001159   Thumb Code    16  _printf_wchar.o(.text)
    _printf_wstring                          0x08001169   Thumb Code     8  _printf_wchar.o(.text)
    _c16rtomb                                0x08001171   Thumb Code    72  _c16rtomb.o(.text)
    _wcrtomb                                 0x08001171   Thumb Code     0  _c16rtomb.o(.text)
    __user_setup_stackheap                   0x080011b9   Thumb Code    74  sys_stackheap_outer.o(.text)
    __rt_ctype_table                         0x08001205   Thumb Code    16  rt_ctype_table.o(.text)
    __rt_locale                              0x08001215   Thumb Code     8  rt_locale_intlibspace.o(.text)
    _printf_fp_infnan                        0x0800121d   Thumb Code   112  _printf_fp_infnan.o(.text)
    _btod_etento                             0x0800129d   Thumb Code   224  bigflt0.o(.text)
    exit                                     0x08001381   Thumb Code    18  exit.o(.text)
    __user_libspace                          0x08001395   Thumb Code     8  libspace.o(.text)
    __user_perproc_libspace                  0x08001395   Thumb Code     0  libspace.o(.text)
    __user_perthread_libspace                0x08001395   Thumb Code     0  libspace.o(.text)
    strcmp                                   0x0800139d   Thumb Code   128  strcmpv7m.o(.text)
    _sys_exit                                0x0800141d   Thumb Code     8  sys_exit.o(.text)
    __I$use$semihosting                      0x08001429   Thumb Code     0  use_no_semi.o(.text)
    __use_no_semihosting_swi                 0x08001429   Thumb Code     2  use_no_semi.o(.text)
    __semihosting_library_function           0x0800142b   Thumb Code     0  indicate_semi.o(.text)
    BusFault_Handler                         0x0800142d   Thumb Code     4  stm32f1xx_it.o(.text.BusFault_Handler)
    DMA1_Channel4_IRQHandler                 0x08001431   Thumb Code    16  stm32f1xx_it.o(.text.DMA1_Channel4_IRQHandler)
    DebugMon_Handler                         0x08001491   Thumb Code     2  stm32f1xx_it.o(.text.DebugMon_Handler)
    EXTI1_IRQHandler                         0x08001495   Thumb Code    10  stm32f1xx_it.o(.text.EXTI1_IRQHandler)
    Error_Handler                            0x080014a1   Thumb Code    14  main.o(.text.Error_Handler)
    HAL_DMA_Abort                            0x080014b1   Thumb Code   124  stm32f1xx_hal_dma.o(.text.HAL_DMA_Abort)
    HAL_DMA_Abort_IT                         0x0800152d   Thumb Code   284  stm32f1xx_hal_dma.o(.text.HAL_DMA_Abort_IT)
    HAL_DMA_IRQHandler                       0x08001649   Thumb Code   646  stm32f1xx_hal_dma.o(.text.HAL_DMA_IRQHandler)
    HAL_DMA_Init                             0x080018d1   Thumb Code   174  stm32f1xx_hal_dma.o(.text.HAL_DMA_Init)
    HAL_DMA_Start_IT                         0x08001981   Thumb Code   202  stm32f1xx_hal_dma.o(.text.HAL_DMA_Start_IT)
    HAL_GPIO_EXTI_Callback                   0x08001a4d   Thumb Code    60  main.o(.text.HAL_GPIO_EXTI_Callback)
    HAL_GPIO_EXTI_IRQHandler                 0x08001a89   Thumb Code    56  stm32f1xx_hal_gpio.o(.text.HAL_GPIO_EXTI_IRQHandler)
    HAL_GPIO_Init                            0x08001ac1   Thumb Code   798  stm32f1xx_hal_gpio.o(.text.HAL_GPIO_Init)
    HAL_GPIO_ReadPin                         0x08001de1   Thumb Code    46  stm32f1xx_hal_gpio.o(.text.HAL_GPIO_ReadPin)
    HAL_GPIO_WritePin                        0x08001e11   Thumb Code    46  stm32f1xx_hal_gpio.o(.text.HAL_GPIO_WritePin)
    HAL_GetTick                              0x08001e41   Thumb Code    12  stm32f1xx_hal.o(.text.HAL_GetTick)
    HAL_IncTick                              0x08001e4d   Thumb Code    26  stm32f1xx_hal.o(.text.HAL_IncTick)
    HAL_Init                                 0x08001e69   Thumb Code    38  stm32f1xx_hal.o(.text.HAL_Init)
    HAL_InitTick                             0x08001e91   Thumb Code   112  stm32f1xx_hal.o(.text.HAL_InitTick)
    HAL_MspInit                              0x08001f01   Thumb Code    66  stm32f1xx_hal_msp.o(.text.HAL_MspInit)
    HAL_NVIC_EnableIRQ                       0x08001f45   Thumb Code    20  stm32f1xx_hal_cortex.o(.text.HAL_NVIC_EnableIRQ)
    HAL_NVIC_SetPriority                     0x08001f59   Thumb Code    50  stm32f1xx_hal_cortex.o(.text.HAL_NVIC_SetPriority)
    HAL_NVIC_SetPriorityGrouping             0x08001f8d   Thumb Code    16  stm32f1xx_hal_cortex.o(.text.HAL_NVIC_SetPriorityGrouping)
    HAL_PWR_EnableBkUpAccess                 0x08001f9d   Thumb Code    12  stm32f1xx_hal_pwr.o(.text.HAL_PWR_EnableBkUpAccess)
    HAL_RCCEx_GetPeriphCLKFreq               0x08001fa9   Thumb Code   406  stm32f1xx_hal_rcc_ex.o(.text.HAL_RCCEx_GetPeriphCLKFreq)
    HAL_RCCEx_PeriphCLKConfig                0x08002141   Thumb Code   456  stm32f1xx_hal_rcc_ex.o(.text.HAL_RCCEx_PeriphCLKConfig)
    HAL_RCC_ClockConfig                      0x08002309   Thumb Code   598  stm32f1xx_hal_rcc.o(.text.HAL_RCC_ClockConfig)
    HAL_RCC_GetHCLKFreq                      0x08002561   Thumb Code    12  stm32f1xx_hal_rcc.o(.text.HAL_RCC_GetHCLKFreq)
    HAL_RCC_GetPCLK1Freq                     0x0800256d   Thumb Code    34  stm32f1xx_hal_rcc.o(.text.HAL_RCC_GetPCLK1Freq)
    HAL_RCC_GetPCLK2Freq                     0x08002591   Thumb Code    34  stm32f1xx_hal_rcc.o(.text.HAL_RCC_GetPCLK2Freq)
    HAL_RCC_GetSysClockFreq                  0x080025b5   Thumb Code   188  stm32f1xx_hal_rcc.o(.text.HAL_RCC_GetSysClockFreq)
    HAL_RCC_OscConfig                        0x08002671   Thumb Code  1658  stm32f1xx_hal_rcc.o(.text.HAL_RCC_OscConfig)
    HAL_RTC_GetDate                          0x08002ced   Thumb Code   154  stm32f1xx_hal_rtc.o(.text.HAL_RTC_GetDate)
    HAL_RTC_GetTime                          0x08002d89   Thumb Code   428  stm32f1xx_hal_rtc.o(.text.HAL_RTC_GetTime)
    HAL_RTC_Init                             0x08002f35   Thumb Code   298  stm32f1xx_hal_rtc.o(.text.HAL_RTC_Init)
    HAL_RTC_MspInit                          0x08003061   Thumb Code    76  stm32f1xx_hal_msp.o(.text.HAL_RTC_MspInit)
    HAL_RTC_SetDate                          0x080030ad   Thumb Code   382  stm32f1xx_hal_rtc.o(.text.HAL_RTC_SetDate)
    HAL_RTC_SetTime                          0x0800322d   Thumb Code   322  stm32f1xx_hal_rtc.o(.text.HAL_RTC_SetTime)
    HAL_RTC_WaitForSynchro                   0x08003371   Thumb Code   100  stm32f1xx_hal_rtc.o(.text.HAL_RTC_WaitForSynchro)
    HAL_SYSTICK_Config                       0x080033d5   Thumb Code    16  stm32f1xx_hal_cortex.o(.text.HAL_SYSTICK_Config)
    HAL_TIMEx_BreakCallback                  0x080033e5   Thumb Code     8  stm32f1xx_hal_tim_ex.o(.text.HAL_TIMEx_BreakCallback)
    HAL_TIMEx_CommutCallback                 0x080033ed   Thumb Code     8  stm32f1xx_hal_tim_ex.o(.text.HAL_TIMEx_CommutCallback)
    HAL_TIMEx_MasterConfigSynchronization    0x080033f5   Thumb Code   220  stm32f1xx_hal_tim_ex.o(.text.HAL_TIMEx_MasterConfigSynchronization)
    HAL_TIM_Base_Init                        0x080034d1   Thumb Code   156  stm32f1xx_hal_tim.o(.text.HAL_TIM_Base_Init)
    HAL_TIM_Base_MspInit                     0x0800356d   Thumb Code    72  stm32f1xx_hal_msp.o(.text.HAL_TIM_Base_MspInit)
    HAL_TIM_Base_Start_IT                    0x080035b5   Thumb Code   176  stm32f1xx_hal_tim.o(.text.HAL_TIM_Base_Start_IT)
    HAL_TIM_Base_Stop_IT                     0x08003665   Thumb Code    82  stm32f1xx_hal_tim.o(.text.HAL_TIM_Base_Stop_IT)
    HAL_TIM_ConfigClockSource                0x080036b9   Thumb Code   388  stm32f1xx_hal_tim.o(.text.HAL_TIM_ConfigClockSource)
    HAL_TIM_IC_CaptureCallback               0x0800383d   Thumb Code     8  stm32f1xx_hal_tim.o(.text.HAL_TIM_IC_CaptureCallback)
    HAL_TIM_IRQHandler                       0x08003845   Thumb Code   538  stm32f1xx_hal_tim.o(.text.HAL_TIM_IRQHandler)
    HAL_TIM_OC_DelayElapsedCallback          0x08003a61   Thumb Code     8  stm32f1xx_hal_tim.o(.text.HAL_TIM_OC_DelayElapsedCallback)
    HAL_TIM_PWM_PulseFinishedCallback        0x08003a69   Thumb Code     8  stm32f1xx_hal_tim.o(.text.HAL_TIM_PWM_PulseFinishedCallback)
    HAL_TIM_PeriodElapsedCallback            0x08003a71   Thumb Code    40  main.o(.text.HAL_TIM_PeriodElapsedCallback)
    HAL_TIM_TriggerCallback                  0x08003a99   Thumb Code     8  stm32f1xx_hal_tim.o(.text.HAL_TIM_TriggerCallback)
    HAL_UARTEx_RxEventCallback               0x08003aa1   Thumb Code    12  stm32f1xx_hal_uart.o(.text.HAL_UARTEx_RxEventCallback)
    HAL_UART_ErrorCallback                   0x08003aad   Thumb Code     8  stm32f1xx_hal_uart.o(.text.HAL_UART_ErrorCallback)
    HAL_UART_IRQHandler                      0x08003ab5   Thumb Code  1066  stm32f1xx_hal_uart.o(.text.HAL_UART_IRQHandler)
    HAL_UART_Init                            0x08003ee1   Thumb Code   158  stm32f1xx_hal_uart.o(.text.HAL_UART_Init)
    HAL_UART_MspInit                         0x08003f81   Thumb Code   244  stm32f1xx_hal_msp.o(.text.HAL_UART_MspInit)
    HAL_UART_RxCpltCallback                  0x08004075   Thumb Code     8  stm32f1xx_hal_uart.o(.text.HAL_UART_RxCpltCallback)
    HAL_UART_Transmit_DMA                    0x0800407d   Thumb Code   226  stm32f1xx_hal_uart.o(.text.HAL_UART_Transmit_DMA)
    HAL_UART_TxCpltCallback                  0x08004161   Thumb Code    46  main.o(.text.HAL_UART_TxCpltCallback)
    HAL_UART_TxHalfCpltCallback              0x08004191   Thumb Code     8  stm32f1xx_hal_uart.o(.text.HAL_UART_TxHalfCpltCallback)
    HardFault_Handler                        0x08004199   Thumb Code     4  stm32f1xx_it.o(.text.HardFault_Handler)
    MemManage_Handler                        0x08004399   Thumb Code     4  stm32f1xx_it.o(.text.MemManage_Handler)
    NMI_Handler                              0x0800439d   Thumb Code     4  stm32f1xx_it.o(.text.NMI_Handler)
    PendSV_Handler                           0x0800440d   Thumb Code     2  stm32f1xx_it.o(.text.PendSV_Handler)
    RTC_time_init                            0x08004971   Thumb Code    74  main.o(.text.RTC_time_init)
    SVC_Handler                              0x080049bd   Thumb Code     2  stm32f1xx_it.o(.text.SVC_Handler)
    SysTick_Handler                          0x08004a15   Thumb Code     8  stm32f1xx_it.o(.text.SysTick_Handler)
    SystemClock_Config                       0x08004a1d   Thumb Code   148  main.o(.text.SystemClock_Config)
    SystemInit                               0x08004ab1   Thumb Code     2  system_stm32f1xx.o(.text.SystemInit)
    TIM2_IRQHandler                          0x08004ab5   Thumb Code    16  stm32f1xx_it.o(.text.TIM2_IRQHandler)
    TIM_Base_SetConfig                       0x08004ac5   Thumb Code   262  stm32f1xx_hal_tim.o(.text.TIM_Base_SetConfig)
    TIM_ETR_SetConfig                        0x08004bcd   Thumb Code    52  stm32f1xx_hal_tim.o(.text.TIM_ETR_SetConfig)
    USART1_IRQHandler                        0x080051b1   Thumb Code    16  stm32f1xx_it.o(.text.USART1_IRQHandler)
    UsageFault_Handler                       0x080051c1   Thumb Code     4  stm32f1xx_it.o(.text.UsageFault_Handler)
    buff_UART_send                           0x08005285   Thumb Code   104  main.o(.text.buff_UART_send)
    get_date                                 0x080052ed   Thumb Code    36  main.o(.text.get_date)
    get_time                                 0x08005311   Thumb Code    36  main.o(.text.get_time)
    interrupt_routine                        0x08005335   Thumb Code   140  main.o(.text.interrupt_routine)
    led_off                                  0x080053c1   Thumb Code    22  main.o(.text.led_off)
    led_on                                   0x080053d9   Thumb Code    22  main.o(.text.led_on)
    main                                     0x080053f1   Thumb Code    94  main.o(.text.main)
    _btod_d2e                                0x0800544f   Thumb Code    62  btod.o(CL$$btod_d2e)
    _d2e_denorm_low                          0x0800548d   Thumb Code    70  btod.o(CL$$btod_d2e_denorm_low)
    _d2e_norm_op1                            0x080054d3   Thumb Code    96  btod.o(CL$$btod_d2e_norm_op1)
    __btod_div_common                        0x08005535   Thumb Code   696  btod.o(CL$$btod_div_common)
    _e2e                                     0x0800586d   Thumb Code   220  btod.o(CL$$btod_e2e)
    _btod_ediv                               0x08005949   Thumb Code    42  btod.o(CL$$btod_ediv)
    _btod_emul                               0x08005973   Thumb Code    42  btod.o(CL$$btod_emul)
    __btod_mult_common                       0x0800599d   Thumb Code   580  btod.o(CL$$btod_mult_common)
    __ARM_fpclassify                         0x08005be1   Thumb Code    40  fpclassify.o(i.__ARM_fpclassify)
    _is_digit                                0x08005c09   Thumb Code    14  __printf_wp.o(i._is_digit)
    _get_lc_numeric                          0x08005c19   Thumb Code    44  lc_numeric_c.o(locale$$code)
    _get_lc_ctype                            0x08005c45   Thumb Code    44  lc_ctype_c.o(locale$$code)
    _printf_fp_dec                           0x08005c71   Thumb Code     4  printf1.o(x$fpl$printf1)
    _printf_fp_hex                           0x08005c75   Thumb Code     4  printf2.o(x$fpl$printf2)
    __I$use$fp                               0x08005c78   Number         0  usenofp.o(x$fpl$usenofp)
    AHBPrescTable                            0x08005d74   Data          16  system_stm32f1xx.o(.rodata.AHBPrescTable)
    APBPrescTable                            0x08005d84   Data           8  system_stm32f1xx.o(.rodata.APBPrescTable)
    Region$$Table$$Base                      0x08005ddc   Number         0  anon$$obj.o(Region$$Table)
    Region$$Table$$Limit                     0x08005dfc   Number         0  anon$$obj.o(Region$$Table)
    __ctype                                  0x08005e25   Data           0  lc_ctype_c.o(locale$$data)
    SystemCoreClock                          0x20000000   Data           4  system_stm32f1xx.o(.data.SystemCoreClock)
    debounce                                 0x20000004   Data           4  main.o(.data.debounce)
    one_time_flag                            0x20000008   Data           1  main.o(.data.one_time_flag)
    uwTickFreq                               0x20000009   Data           1  stm32f1xx_hal.o(.data.uwTickFreq)
    uwTickPrio                               0x2000000c   Data           4  stm32f1xx_hal.o(.data.uwTickPrio)
    __libspace_start                         0x20000010   Data          96  libspace.o(.bss)
    RTC_buffer                               0x20000070   Data          36  main.o(.bss.RTC_buffer)
    __temporary_stack_top$libspace           0x20000070   Data           0  libspace.o(.bss)
    current_time                             0x20000094   Data           4  main.o(.bss.current_time)
    hdma_usart1_tx                           0x20000098   Data          68  main.o(.bss.hdma_usart1_tx)
    hrtc                                     0x200000dc   Data          20  main.o(.bss.hrtc)
    htim2                                    0x200000f0   Data          72  main.o(.bss.htim2)
    huart1                                   0x20000138   Data          72  main.o(.bss.huart1)
    interrupt_flag                           0x20000180   Data           1  main.o(.bss.interrupt_flag)
    sDate                                    0x20000181   Data           4  main.o(.bss.sDate)
    sTime                                    0x20000185   Data           3  main.o(.bss.sTime)
    uwTick                                   0x20000188   Data           4  stm32f1xx_hal.o(.bss.uwTick)



==============================================================================

Memory Map of the image

  Image Entry point : 0x080000ed

  Load Region LR_IROM1 (Base: 0x08000000, Size: 0x00005f38, Max: 0x00010000, ABSOLUTE)

    Execution Region ER_IROM1 (Exec base: 0x08000000, Load base: 0x08000000, Size: 0x00005f28, Max: 0x00010000, ABSOLUTE)

    Exec Addr    Load Addr    Size         Type   Attr      Idx    E Section Name        Object

    0x08000000   0x08000000   0x000000ec   Data   RO            3    RESET               startup_stm32f103xb.o
    0x080000ec   0x080000ec   0x00000008   Code   RO         1100  * !!!main             c_w.l(__main.o)
    0x080000f4   0x080000f4   0x0000005c   Code   RO         1437    !!!scatter          c_w.l(__scatter.o)
    0x08000150   0x08000150   0x0000001a   Code   RO         1441    !!handler_copy      c_w.l(__scatter_copy.o)
    0x0800016a   0x0800016a   0x00000002   PAD
    0x0800016c   0x0800016c   0x00000002   Code   RO         1438    !!handler_null      c_w.l(__scatter.o)
    0x0800016e   0x0800016e   0x00000002   PAD
    0x08000170   0x08000170   0x0000001c   Code   RO         1443    !!handler_zi        c_w.l(__scatter_zi.o)
    0x0800018c   0x0800018c   0x00000000   Code   RO         1184    .ARM.Collect$$_printf_percent$$00000000  c_w.l(_printf_percent.o)
    0x0800018c   0x0800018c   0x00000006   Code   RO         1173    .ARM.Collect$$_printf_percent$$00000001  c_w.l(_printf_n.o)
    0x08000192   0x08000192   0x00000006   Code   RO         1175    .ARM.Collect$$_printf_percent$$00000002  c_w.l(_printf_p.o)
    0x08000198   0x08000198   0x00000006   Code   RO         1180    .ARM.Collect$$_printf_percent$$00000003  c_w.l(_printf_f.o)
    0x0800019e   0x0800019e   0x00000006   Code   RO         1181    .ARM.Collect$$_printf_percent$$00000004  c_w.l(_printf_e.o)
    0x080001a4   0x080001a4   0x00000006   Code   RO         1182    .ARM.Collect$$_printf_percent$$00000005  c_w.l(_printf_g.o)
    0x080001aa   0x080001aa   0x00000006   Code   RO         1183    .ARM.Collect$$_printf_percent$$00000006  c_w.l(_printf_a.o)
    0x080001b0   0x080001b0   0x0000000a   Code   RO         1188    .ARM.Collect$$_printf_percent$$00000007  c_w.l(_printf_ll.o)
    0x080001ba   0x080001ba   0x00000006   Code   RO         1177    .ARM.Collect$$_printf_percent$$00000008  c_w.l(_printf_i.o)
    0x080001c0   0x080001c0   0x00000006   Code   RO         1178    .ARM.Collect$$_printf_percent$$00000009  c_w.l(_printf_d.o)
    0x080001c6   0x080001c6   0x00000006   Code   RO         1179    .ARM.Collect$$_printf_percent$$0000000A  c_w.l(_printf_u.o)
    0x080001cc   0x080001cc   0x00000006   Code   RO         1176    .ARM.Collect$$_printf_percent$$0000000B  c_w.l(_printf_o.o)
    0x080001d2   0x080001d2   0x00000006   Code   RO         1174    .ARM.Collect$$_printf_percent$$0000000C  c_w.l(_printf_x.o)
    0x080001d8   0x080001d8   0x00000006   Code   RO         1185    .ARM.Collect$$_printf_percent$$0000000D  c_w.l(_printf_lli.o)
    0x080001de   0x080001de   0x00000006   Code   RO         1186    .ARM.Collect$$_printf_percent$$0000000E  c_w.l(_printf_lld.o)
    0x080001e4   0x080001e4   0x00000006   Code   RO         1187    .ARM.Collect$$_printf_percent$$0000000F  c_w.l(_printf_llu.o)
    0x080001ea   0x080001ea   0x00000006   Code   RO         1192    .ARM.Collect$$_printf_percent$$00000010  c_w.l(_printf_llo.o)
    0x080001f0   0x080001f0   0x00000006   Code   RO         1193    .ARM.Collect$$_printf_percent$$00000011  c_w.l(_printf_llx.o)
    0x080001f6   0x080001f6   0x0000000a   Code   RO         1189    .ARM.Collect$$_printf_percent$$00000012  c_w.l(_printf_l.o)
    0x08000200   0x08000200   0x00000006   Code   RO         1171    .ARM.Collect$$_printf_percent$$00000013  c_w.l(_printf_c.o)
    0x08000206   0x08000206   0x00000006   Code   RO         1172    .ARM.Collect$$_printf_percent$$00000014  c_w.l(_printf_s.o)
    0x0800020c   0x0800020c   0x00000006   Code   RO         1190    .ARM.Collect$$_printf_percent$$00000015  c_w.l(_printf_lc.o)
    0x08000212   0x08000212   0x00000006   Code   RO         1191    .ARM.Collect$$_printf_percent$$00000016  c_w.l(_printf_ls.o)
    0x08000218   0x08000218   0x00000004   Code   RO         1234    .ARM.Collect$$_printf_percent$$00000017  c_w.l(_printf_percent_end.o)
    0x0800021c   0x0800021c   0x00000002   Code   RO         1285    .ARM.Collect$$libinit$$00000000  c_w.l(libinit.o)
    0x0800021e   0x0800021e   0x00000000   Code   RO         1304    .ARM.Collect$$libinit$$00000002  c_w.l(libinit2.o)
    0x0800021e   0x0800021e   0x00000000   Code   RO         1306    .ARM.Collect$$libinit$$00000004  c_w.l(libinit2.o)
    0x0800021e   0x0800021e   0x00000000   Code   RO         1308    .ARM.Collect$$libinit$$00000006  c_w.l(libinit2.o)
    0x0800021e   0x0800021e   0x00000000   Code   RO         1311    .ARM.Collect$$libinit$$0000000C  c_w.l(libinit2.o)
    0x0800021e   0x0800021e   0x00000000   Code   RO         1313    .ARM.Collect$$libinit$$0000000E  c_w.l(libinit2.o)
    0x0800021e   0x0800021e   0x00000000   Code   RO         1315    .ARM.Collect$$libinit$$00000010  c_w.l(libinit2.o)
    0x0800021e   0x0800021e   0x00000006   Code   RO         1316    .ARM.Collect$$libinit$$00000011  c_w.l(libinit2.o)
    0x08000224   0x08000224   0x00000000   Code   RO         1318    .ARM.Collect$$libinit$$00000013  c_w.l(libinit2.o)
    0x08000224   0x08000224   0x0000000c   Code   RO         1319    .ARM.Collect$$libinit$$00000014  c_w.l(libinit2.o)
    0x08000230   0x08000230   0x00000000   Code   RO         1320    .ARM.Collect$$libinit$$00000015  c_w.l(libinit2.o)
    0x08000230   0x08000230   0x00000000   Code   RO         1322    .ARM.Collect$$libinit$$00000017  c_w.l(libinit2.o)
    0x08000230   0x08000230   0x0000000a   Code   RO         1323    .ARM.Collect$$libinit$$00000018  c_w.l(libinit2.o)
    0x0800023a   0x0800023a   0x00000000   Code   RO         1324    .ARM.Collect$$libinit$$00000019  c_w.l(libinit2.o)
    0x0800023a   0x0800023a   0x00000000   Code   RO         1326    .ARM.Collect$$libinit$$0000001B  c_w.l(libinit2.o)
    0x0800023a   0x0800023a   0x00000000   Code   RO         1328    .ARM.Collect$$libinit$$0000001D  c_w.l(libinit2.o)
    0x0800023a   0x0800023a   0x00000000   Code   RO         1330    .ARM.Collect$$libinit$$0000001F  c_w.l(libinit2.o)
    0x0800023a   0x0800023a   0x00000000   Code   RO         1332    .ARM.Collect$$libinit$$00000021  c_w.l(libinit2.o)
    0x0800023a   0x0800023a   0x00000000   Code   RO         1334    .ARM.Collect$$libinit$$00000023  c_w.l(libinit2.o)
    0x0800023a   0x0800023a   0x00000000   Code   RO         1336    .ARM.Collect$$libinit$$00000025  c_w.l(libinit2.o)
    0x0800023a   0x0800023a   0x00000000   Code   RO         1338    .ARM.Collect$$libinit$$00000027  c_w.l(libinit2.o)
    0x0800023a   0x0800023a   0x00000000   Code   RO         1342    .ARM.Collect$$libinit$$0000002E  c_w.l(libinit2.o)
    0x0800023a   0x0800023a   0x00000000   Code   RO         1344    .ARM.Collect$$libinit$$00000030  c_w.l(libinit2.o)
    0x0800023a   0x0800023a   0x00000000   Code   RO         1346    .ARM.Collect$$libinit$$00000032  c_w.l(libinit2.o)
    0x0800023a   0x0800023a   0x00000000   Code   RO         1348    .ARM.Collect$$libinit$$00000034  c_w.l(libinit2.o)
    0x0800023a   0x0800023a   0x00000002   Code   RO         1349    .ARM.Collect$$libinit$$00000035  c_w.l(libinit2.o)
    0x0800023c   0x0800023c   0x00000002   Code   RO         1373    .ARM.Collect$$libshutdown$$00000000  c_w.l(libshutdown.o)
    0x0800023e   0x0800023e   0x00000000   Code   RO         1388    .ARM.Collect$$libshutdown$$00000002  c_w.l(libshutdown2.o)
    0x0800023e   0x0800023e   0x00000000   Code   RO         1390    .ARM.Collect$$libshutdown$$00000004  c_w.l(libshutdown2.o)
    0x0800023e   0x0800023e   0x00000000   Code   RO         1393    .ARM.Collect$$libshutdown$$00000007  c_w.l(libshutdown2.o)
    0x0800023e   0x0800023e   0x00000000   Code   RO         1396    .ARM.Collect$$libshutdown$$0000000A  c_w.l(libshutdown2.o)
    0x0800023e   0x0800023e   0x00000000   Code   RO         1398    .ARM.Collect$$libshutdown$$0000000C  c_w.l(libshutdown2.o)
    0x0800023e   0x0800023e   0x00000000   Code   RO         1401    .ARM.Collect$$libshutdown$$0000000F  c_w.l(libshutdown2.o)
    0x0800023e   0x0800023e   0x00000002   Code   RO         1402    .ARM.Collect$$libshutdown$$00000010  c_w.l(libshutdown2.o)
    0x08000240   0x08000240   0x00000000   Code   RO         1102    .ARM.Collect$$rtentry$$00000000  c_w.l(__rtentry.o)
    0x08000240   0x08000240   0x00000000   Code   RO         1203    .ARM.Collect$$rtentry$$00000002  c_w.l(__rtentry2.o)
    0x08000240   0x08000240   0x00000006   Code   RO         1215    .ARM.Collect$$rtentry$$00000004  c_w.l(__rtentry4.o)
    0x08000246   0x08000246   0x00000000   Code   RO         1205    .ARM.Collect$$rtentry$$00000009  c_w.l(__rtentry2.o)
    0x08000246   0x08000246   0x00000004   Code   RO         1206    .ARM.Collect$$rtentry$$0000000A  c_w.l(__rtentry2.o)
    0x0800024a   0x0800024a   0x00000000   Code   RO         1208    .ARM.Collect$$rtentry$$0000000C  c_w.l(__rtentry2.o)
    0x0800024a   0x0800024a   0x00000008   Code   RO         1209    .ARM.Collect$$rtentry$$0000000D  c_w.l(__rtentry2.o)
    0x08000252   0x08000252   0x00000002   Code   RO         1294    .ARM.Collect$$rtexit$$00000000  c_w.l(rtexit.o)
    0x08000254   0x08000254   0x00000000   Code   RO         1351    .ARM.Collect$$rtexit$$00000002  c_w.l(rtexit2.o)
    0x08000254   0x08000254   0x00000004   Code   RO         1352    .ARM.Collect$$rtexit$$00000003  c_w.l(rtexit2.o)
    0x08000258   0x08000258   0x00000006   Code   RO         1353    .ARM.Collect$$rtexit$$00000004  c_w.l(rtexit2.o)
    0x0800025e   0x0800025e   0x00000002   PAD
    0x08000260   0x08000260   0x00000040   Code   RO            4    .text               startup_stm32f103xb.o
    0x080002a0   0x080002a0   0x0000002c   Code   RO         1092    .text               c_w.l(sprintf.o)
    0x080002cc   0x080002cc   0x0000003e   Code   RO         1094    .text               c_w.l(strlen.o)
    0x0800030a   0x0800030a   0x0000004e   Code   RO         1096    .text               c_w.l(rt_memclr_w.o)
    0x08000358   0x08000358   0x00000006   Code   RO         1098    .text               c_w.l(heapauxi.o)
    0x0800035e   0x0800035e   0x0000004e   Code   RO         1105    .text               c_w.l(_printf_pad.o)
    0x080003ac   0x080003ac   0x00000024   Code   RO         1107    .text               c_w.l(_printf_truncate.o)
    0x080003d0   0x080003d0   0x00000052   Code   RO         1109    .text               c_w.l(_printf_str.o)
    0x08000422   0x08000422   0x00000002   PAD
    0x08000424   0x08000424   0x00000078   Code   RO         1111    .text               c_w.l(_printf_dec.o)
    0x0800049c   0x0800049c   0x00000028   Code   RO         1113    .text               c_w.l(_printf_charcount.o)
    0x080004c4   0x080004c4   0x00000030   Code   RO         1115    .text               c_w.l(_printf_char_common.o)
    0x080004f4   0x080004f4   0x0000000a   Code   RO         1117    .text               c_w.l(_sputc.o)
    0x080004fe   0x080004fe   0x00000002   PAD
    0x08000500   0x08000500   0x000000bc   Code   RO         1119    .text               c_w.l(_printf_wctomb.o)
    0x080005bc   0x080005bc   0x0000007c   Code   RO         1122    .text               c_w.l(_printf_longlong_dec.o)
    0x08000638   0x08000638   0x00000070   Code   RO         1128    .text               c_w.l(_printf_oct_int_ll.o)
    0x080006a8   0x080006a8   0x00000094   Code   RO         1148    .text               c_w.l(_printf_hex_int_ll_ptr.o)
    0x0800073c   0x0800073c   0x00000188   Code   RO         1168    .text               c_w.l(__printf_flags_ss_wp.o)
    0x080008c4   0x080008c4   0x0000008a   Code   RO         1217    .text               c_w.l(lludiv10.o)
    0x0800094e   0x0800094e   0x000000b2   Code   RO         1219    .text               c_w.l(_printf_intcommon.o)
    0x08000a00   0x08000a00   0x0000041c   Code   RO         1221    .text               c_w.l(_printf_fp_dec.o)
    0x08000e1c   0x08000e1c   0x000002fc   Code   RO         1225    .text               c_w.l(_printf_fp_hex.o)
    0x08001118   0x08001118   0x0000002c   Code   RO         1230    .text               c_w.l(_printf_char.o)
    0x08001144   0x08001144   0x0000002c   Code   RO         1232    .text               c_w.l(_printf_wchar.o)
    0x08001170   0x08001170   0x00000048   Code   RO         1235    .text               c_w.l(_c16rtomb.o)
    0x080011b8   0x080011b8   0x0000004a   Code   RO         1237    .text               c_w.l(sys_stackheap_outer.o)
    0x08001202   0x08001202   0x00000002   PAD
    0x08001204   0x08001204   0x00000010   Code   RO         1239    .text               c_w.l(rt_ctype_table.o)
    0x08001214   0x08001214   0x00000008   Code   RO         1244    .text               c_w.l(rt_locale_intlibspace.o)
    0x0800121c   0x0800121c   0x00000080   Code   RO         1246    .text               c_w.l(_printf_fp_infnan.o)
    0x0800129c   0x0800129c   0x000000e4   Code   RO         1248    .text               c_w.l(bigflt0.o)
    0x08001380   0x08001380   0x00000012   Code   RO         1278    .text               c_w.l(exit.o)
    0x08001392   0x08001392   0x00000002   PAD
    0x08001394   0x08001394   0x00000008   Code   RO         1291    .text               c_w.l(libspace.o)
    0x0800139c   0x0800139c   0x00000080   Code   RO         1301    .text               c_w.l(strcmpv7m.o)
    0x0800141c   0x0800141c   0x0000000c   Code   RO         1363    .text               c_w.l(sys_exit.o)
    0x08001428   0x08001428   0x00000002   Code   RO         1378    .text               c_w.l(use_no_semi.o)
    0x0800142a   0x0800142a   0x00000000   Code   RO         1380    .text               c_w.l(indicate_semi.o)
    0x0800142a   0x0800142a   0x00000002   PAD
    0x0800142c   0x0800142c   0x00000004   Code   RO           73    .text.BusFault_Handler  stm32f1xx_it.o
    0x08001430   0x08001430   0x00000010   Code   RO           87    .text.DMA1_Channel4_IRQHandler  stm32f1xx_it.o
    0x08001440   0x08001440   0x00000050   Code   RO          375    .text.DMA_SetConfig  stm32f1xx_hal_dma.o
    0x08001490   0x08001490   0x00000002   Code   RO           79    .text.DebugMon_Handler  stm32f1xx_it.o
    0x08001492   0x08001492   0x00000002   PAD
    0x08001494   0x08001494   0x0000000a   Code   RO           85    .text.EXTI1_IRQHandler  stm32f1xx_it.o
    0x0800149e   0x0800149e   0x00000002   PAD
    0x080014a0   0x080014a0   0x0000000e   Code   RO           35    .text.Error_Handler  main.o
    0x080014ae   0x080014ae   0x00000002   PAD
    0x080014b0   0x080014b0   0x0000007c   Code   RO          379    .text.HAL_DMA_Abort  stm32f1xx_hal_dma.o
    0x0800152c   0x0800152c   0x0000011c   Code   RO          381    .text.HAL_DMA_Abort_IT  stm32f1xx_hal_dma.o
    0x08001648   0x08001648   0x00000286   Code   RO          385    .text.HAL_DMA_IRQHandler  stm32f1xx_hal_dma.o
    0x080018ce   0x080018ce   0x00000002   PAD
    0x080018d0   0x080018d0   0x000000ae   Code   RO          369    .text.HAL_DMA_Init  stm32f1xx_hal_dma.o
    0x0800197e   0x0800197e   0x00000002   PAD
    0x08001980   0x08001980   0x000000ca   Code   RO          377    .text.HAL_DMA_Start_IT  stm32f1xx_hal_dma.o
    0x08001a4a   0x08001a4a   0x00000002   PAD
    0x08001a4c   0x08001a4c   0x0000003c   Code   RO           41    .text.HAL_GPIO_EXTI_Callback  main.o
    0x08001a88   0x08001a88   0x00000038   Code   RO          358    .text.HAL_GPIO_EXTI_IRQHandler  stm32f1xx_hal_gpio.o
    0x08001ac0   0x08001ac0   0x0000031e   Code   RO          346    .text.HAL_GPIO_Init  stm32f1xx_hal_gpio.o
    0x08001dde   0x08001dde   0x00000002   PAD
    0x08001de0   0x08001de0   0x0000002e   Code   RO          350    .text.HAL_GPIO_ReadPin  stm32f1xx_hal_gpio.o
    0x08001e0e   0x08001e0e   0x00000002   PAD
    0x08001e10   0x08001e10   0x0000002e   Code   RO          352    .text.HAL_GPIO_WritePin  stm32f1xx_hal_gpio.o
    0x08001e3e   0x08001e3e   0x00000002   PAD
    0x08001e40   0x08001e40   0x0000000c   Code   RO          244    .text.HAL_GetTick   stm32f1xx_hal.o
    0x08001e4c   0x08001e4c   0x0000001a   Code   RO          242    .text.HAL_IncTick   stm32f1xx_hal.o
    0x08001e66   0x08001e66   0x00000002   PAD
    0x08001e68   0x08001e68   0x00000026   Code   RO          232    .text.HAL_Init      stm32f1xx_hal.o
    0x08001e8e   0x08001e8e   0x00000002   PAD
    0x08001e90   0x08001e90   0x00000070   Code   RO          234    .text.HAL_InitTick  stm32f1xx_hal.o
    0x08001f00   0x08001f00   0x00000042   Code   RO          100    .text.HAL_MspInit   stm32f1xx_hal_msp.o
    0x08001f42   0x08001f42   0x00000002   PAD
    0x08001f44   0x08001f44   0x00000014   Code   RO          414    .text.HAL_NVIC_EnableIRQ  stm32f1xx_hal_cortex.o
    0x08001f58   0x08001f58   0x00000032   Code   RO          406    .text.HAL_NVIC_SetPriority  stm32f1xx_hal_cortex.o
    0x08001f8a   0x08001f8a   0x00000002   PAD
    0x08001f8c   0x08001f8c   0x00000010   Code   RO          402    .text.HAL_NVIC_SetPriorityGrouping  stm32f1xx_hal_cortex.o
    0x08001f9c   0x08001f9c   0x0000000c   Code   RO          469    .text.HAL_PWR_EnableBkUpAccess  stm32f1xx_hal_pwr.o
    0x08001fa8   0x08001fa8   0x00000196   Code   RO          335    .text.HAL_RCCEx_GetPeriphCLKFreq  stm32f1xx_hal_rcc_ex.o
    0x0800213e   0x0800213e   0x00000002   PAD
    0x08002140   0x08002140   0x000001c8   Code   RO          331    .text.HAL_RCCEx_PeriphCLKConfig  stm32f1xx_hal_rcc_ex.o
    0x08002308   0x08002308   0x00000256   Code   RO          298    .text.HAL_RCC_ClockConfig  stm32f1xx_hal_rcc.o
    0x0800255e   0x0800255e   0x00000002   PAD
    0x08002560   0x08002560   0x0000000c   Code   RO          308    .text.HAL_RCC_GetHCLKFreq  stm32f1xx_hal_rcc.o
    0x0800256c   0x0800256c   0x00000022   Code   RO          310    .text.HAL_RCC_GetPCLK1Freq  stm32f1xx_hal_rcc.o
    0x0800258e   0x0800258e   0x00000002   PAD
    0x08002590   0x08002590   0x00000022   Code   RO          312    .text.HAL_RCC_GetPCLK2Freq  stm32f1xx_hal_rcc.o
    0x080025b2   0x080025b2   0x00000002   PAD
    0x080025b4   0x080025b4   0x000000bc   Code   RO          300    .text.HAL_RCC_GetSysClockFreq  stm32f1xx_hal_rcc.o
    0x08002670   0x08002670   0x0000067a   Code   RO          294    .text.HAL_RCC_OscConfig  stm32f1xx_hal_rcc.o
    0x08002cea   0x08002cea   0x00000002   PAD
    0x08002cec   0x08002cec   0x0000009a   Code   RO          170    .text.HAL_RTC_GetDate  stm32f1xx_hal_rtc.o
    0x08002d86   0x08002d86   0x00000002   PAD
    0x08002d88   0x08002d88   0x000001ac   Code   RO          158    .text.HAL_RTC_GetTime  stm32f1xx_hal_rtc.o
    0x08002f34   0x08002f34   0x0000012a   Code   RO          134    .text.HAL_RTC_Init  stm32f1xx_hal_rtc.o
    0x0800305e   0x0800305e   0x00000002   PAD
    0x08003060   0x08003060   0x0000004c   Code   RO          102    .text.HAL_RTC_MspInit  stm32f1xx_hal_msp.o
    0x080030ac   0x080030ac   0x0000017e   Code   RO          166    .text.HAL_RTC_SetDate  stm32f1xx_hal_rtc.o
    0x0800322a   0x0800322a   0x00000002   PAD
    0x0800322c   0x0800322c   0x00000142   Code   RO          148    .text.HAL_RTC_SetTime  stm32f1xx_hal_rtc.o
    0x0800336e   0x0800336e   0x00000002   PAD
    0x08003370   0x08003370   0x00000064   Code   RO          138    .text.HAL_RTC_WaitForSynchro  stm32f1xx_hal_rtc.o
    0x080033d4   0x080033d4   0x00000010   Code   RO          426    .text.HAL_SYSTICK_Config  stm32f1xx_hal_cortex.o
    0x080033e4   0x080033e4   0x00000008   Code   RO          933    .text.HAL_TIMEx_BreakCallback  stm32f1xx_hal_tim_ex.o
    0x080033ec   0x080033ec   0x00000008   Code   RO          929    .text.HAL_TIMEx_CommutCallback  stm32f1xx_hal_tim_ex.o
    0x080033f4   0x080033f4   0x000000dc   Code   RO          923    .text.HAL_TIMEx_MasterConfigSynchronization  stm32f1xx_hal_tim_ex.o
    0x080034d0   0x080034d0   0x0000009c   Code   RO          610    .text.HAL_TIM_Base_Init  stm32f1xx_hal_tim.o
    0x0800356c   0x0800356c   0x00000048   Code   RO          106    .text.HAL_TIM_Base_MspInit  stm32f1xx_hal_msp.o
    0x080035b4   0x080035b4   0x000000b0   Code   RO          624    .text.HAL_TIM_Base_Start_IT  stm32f1xx_hal_tim.o
    0x08003664   0x08003664   0x00000052   Code   RO          626    .text.HAL_TIM_Base_Stop_IT  stm32f1xx_hal_tim.o
    0x080036b6   0x080036b6   0x00000002   PAD
    0x080036b8   0x080036b8   0x00000184   Code   RO          802    .text.HAL_TIM_ConfigClockSource  stm32f1xx_hal_tim.o
    0x0800383c   0x0800383c   0x00000008   Code   RO          746    .text.HAL_TIM_IC_CaptureCallback  stm32f1xx_hal_tim.o
    0x08003844   0x08003844   0x0000021a   Code   RO          744    .text.HAL_TIM_IRQHandler  stm32f1xx_hal_tim.o
    0x08003a5e   0x08003a5e   0x00000002   PAD
    0x08003a60   0x08003a60   0x00000008   Code   RO          748    .text.HAL_TIM_OC_DelayElapsedCallback  stm32f1xx_hal_tim.o
    0x08003a68   0x08003a68   0x00000008   Code   RO          750    .text.HAL_TIM_PWM_PulseFinishedCallback  stm32f1xx_hal_tim.o
    0x08003a70   0x08003a70   0x00000028   Code   RO           45    .text.HAL_TIM_PeriodElapsedCallback  main.o
    0x08003a98   0x08003a98   0x00000008   Code   RO          754    .text.HAL_TIM_TriggerCallback  stm32f1xx_hal_tim.o
    0x08003aa0   0x08003aa0   0x0000000c   Code   RO         1038    .text.HAL_UARTEx_RxEventCallback  stm32f1xx_hal_uart.o
    0x08003aac   0x08003aac   0x00000008   Code   RO         1036    .text.HAL_UART_ErrorCallback  stm32f1xx_hal_uart.o
    0x08003ab4   0x08003ab4   0x0000042a   Code   RO         1030    .text.HAL_UART_IRQHandler  stm32f1xx_hal_uart.o
    0x08003ede   0x08003ede   0x00000002   PAD
    0x08003ee0   0x08003ee0   0x0000009e   Code   RO          946    .text.HAL_UART_Init  stm32f1xx_hal_uart.o
    0x08003f7e   0x08003f7e   0x00000002   PAD
    0x08003f80   0x08003f80   0x000000f4   Code   RO          110    .text.HAL_UART_MspInit  stm32f1xx_hal_msp.o
    0x08004074   0x08004074   0x00000008   Code   RO         1048    .text.HAL_UART_RxCpltCallback  stm32f1xx_hal_uart.o
    0x0800407c   0x0800407c   0x000000e2   Code   RO          974    .text.HAL_UART_Transmit_DMA  stm32f1xx_hal_uart.o
    0x0800415e   0x0800415e   0x00000002   PAD
    0x08004160   0x08004160   0x0000002e   Code   RO           43    .text.HAL_UART_TxCpltCallback  main.o
    0x0800418e   0x0800418e   0x00000002   PAD
    0x08004190   0x08004190   0x00000008   Code   RO         1046    .text.HAL_UART_TxHalfCpltCallback  stm32f1xx_hal_uart.o
    0x08004198   0x08004198   0x00000004   Code   RO           69    .text.HardFault_Handler  stm32f1xx_it.o
    0x0800419c   0x0800419c   0x00000038   Code   RO           17    .text.MX_DMA_Init   main.o
    0x080041d4   0x080041d4   0x000000ce   Code   RO           15    .text.MX_GPIO_Init  main.o
    0x080042a2   0x080042a2   0x00000002   PAD
    0x080042a4   0x080042a4   0x00000030   Code   RO           19    .text.MX_RTC_Init   main.o
    0x080042d4   0x080042d4   0x00000082   Code   RO           21    .text.MX_TIM2_Init  main.o
    0x08004356   0x08004356   0x00000002   PAD
    0x08004358   0x08004358   0x00000040   Code   RO           23    .text.MX_USART1_UART_Init  main.o
    0x08004398   0x08004398   0x00000004   Code   RO           71    .text.MemManage_Handler  stm32f1xx_it.o
    0x0800439c   0x0800439c   0x00000004   Code   RO           67    .text.NMI_Handler   stm32f1xx_it.o
    0x080043a0   0x080043a0   0x0000006c   Code   RO          412    .text.NVIC_EncodePriority  stm32f1xx_hal_cortex.o
    0x0800440c   0x0800440c   0x00000002   Code   RO           81    .text.PendSV_Handler  stm32f1xx_it.o
    0x0800440e   0x0800440e   0x00000002   PAD
    0x08004410   0x08004410   0x0000003a   Code   RO          296    .text.RCC_Delay     stm32f1xx_hal_rcc.o
    0x0800444a   0x0800444a   0x00000002   PAD
    0x0800444c   0x0800444c   0x0000002a   Code   RO          150    .text.RTC_Bcd2ToByte  stm32f1xx_hal_rtc.o
    0x08004476   0x08004476   0x00000002   PAD
    0x08004478   0x08004478   0x0000003a   Code   RO          164    .text.RTC_ByteToBcd2  stm32f1xx_hal_rtc.o
    0x080044b2   0x080044b2   0x00000002   PAD
    0x080044b4   0x080044b4   0x00000172   Code   RO          162    .text.RTC_DateUpdate  stm32f1xx_hal_rtc.o
    0x08004626   0x08004626   0x00000002   PAD
    0x08004628   0x08004628   0x00000056   Code   RO          140    .text.RTC_EnterInitMode  stm32f1xx_hal_rtc.o
    0x0800467e   0x0800467e   0x00000002   PAD
    0x08004680   0x08004680   0x00000056   Code   RO          142    .text.RTC_ExitInitMode  stm32f1xx_hal_rtc.o
    0x080046d6   0x080046d6   0x00000002   PAD
    0x080046d8   0x080046d8   0x00000078   Code   RO          188    .text.RTC_IsLeapYear  stm32f1xx_hal_rtc.o
    0x08004750   0x08004750   0x00000032   Code   RO          154    .text.RTC_ReadAlarmCounter  stm32f1xx_hal_rtc.o
    0x08004782   0x08004782   0x00000002   PAD
    0x08004784   0x08004784   0x0000006a   Code   RO          160    .text.RTC_ReadTimeCounter  stm32f1xx_hal_rtc.o
    0x080047ee   0x080047ee   0x00000002   PAD
    0x080047f0   0x080047f0   0x000000de   Code   RO          168    .text.RTC_WeekDayNum  stm32f1xx_hal_rtc.o
    0x080048ce   0x080048ce   0x00000002   PAD
    0x080048d0   0x080048d0   0x00000050   Code   RO          156    .text.RTC_WriteAlarmCounter  stm32f1xx_hal_rtc.o
    0x08004920   0x08004920   0x00000050   Code   RO          152    .text.RTC_WriteTimeCounter  stm32f1xx_hal_rtc.o
    0x08004970   0x08004970   0x0000004a   Code   RO           25    .text.RTC_time_init  main.o
    0x080049ba   0x080049ba   0x00000002   PAD
    0x080049bc   0x080049bc   0x00000002   Code   RO           77    .text.SVC_Handler   stm32f1xx_it.o
    0x080049be   0x080049be   0x00000002   PAD
    0x080049c0   0x080049c0   0x00000052   Code   RO          428    .text.SysTick_Config  stm32f1xx_hal_cortex.o
    0x08004a12   0x08004a12   0x00000002   PAD
    0x08004a14   0x08004a14   0x00000008   Code   RO           83    .text.SysTick_Handler  stm32f1xx_it.o
    0x08004a1c   0x08004a1c   0x00000094   Code   RO           13    .text.SystemClock_Config  main.o
    0x08004ab0   0x08004ab0   0x00000002   Code   RO         1077    .text.SystemInit    system_stm32f1xx.o
    0x08004ab2   0x08004ab2   0x00000002   PAD
    0x08004ab4   0x08004ab4   0x00000010   Code   RO           89    .text.TIM2_IRQHandler  stm32f1xx_it.o
    0x08004ac4   0x08004ac4   0x00000106   Code   RO          614    .text.TIM_Base_SetConfig  stm32f1xx_hal_tim.o
    0x08004bca   0x08004bca   0x00000002   PAD
    0x08004bcc   0x08004bcc   0x00000034   Code   RO          800    .text.TIM_ETR_SetConfig  stm32f1xx_hal_tim.o
    0x08004c00   0x08004c00   0x0000002a   Code   RO          806    .text.TIM_ITRx_SetConfig  stm32f1xx_hal_tim.o
    0x08004c2a   0x08004c2a   0x00000002   PAD
    0x08004c2c   0x08004c2c   0x00000050   Code   RO          804    .text.TIM_TI1_ConfigInputStage  stm32f1xx_hal_tim.o
    0x08004c7c   0x08004c7c   0x00000052   Code   RO          808    .text.TIM_TI2_ConfigInputStage  stm32f1xx_hal_tim.o
    0x08004cce   0x08004cce   0x00000002   PAD
    0x08004cd0   0x08004cd0   0x00000020   Code   RO         1034    .text.UART_DMAAbortOnError  stm32f1xx_hal_uart.o
    0x08004cf0   0x08004cf0   0x0000007c   Code   RO          980    .text.UART_DMAError  stm32f1xx_hal_uart.o
    0x08004d6c   0x08004d6c   0x0000007a   Code   RO          976    .text.UART_DMATransmitCplt  stm32f1xx_hal_uart.o
    0x08004de6   0x08004de6   0x00000002   PAD
    0x08004de8   0x08004de8   0x00000016   Code   RO          978    .text.UART_DMATxHalfCplt  stm32f1xx_hal_uart.o
    0x08004dfe   0x08004dfe   0x00000002   PAD
    0x08004e00   0x08004e00   0x00000094   Code   RO          994    .text.UART_EndRxTransfer  stm32f1xx_hal_uart.o
    0x08004e94   0x08004e94   0x00000026   Code   RO         1042    .text.UART_EndTransmit_IT  stm32f1xx_hal_uart.o
    0x08004eba   0x08004eba   0x00000002   PAD
    0x08004ebc   0x08004ebc   0x00000036   Code   RO          992    .text.UART_EndTxTransfer  stm32f1xx_hal_uart.o
    0x08004ef2   0x08004ef2   0x00000002   PAD
    0x08004ef4   0x08004ef4   0x0000016a   Code   RO         1032    .text.UART_Receive_IT  stm32f1xx_hal_uart.o
    0x0800505e   0x0800505e   0x00000002   PAD
    0x08005060   0x08005060   0x000000ba   Code   RO          950    .text.UART_SetConfig  stm32f1xx_hal_uart.o
    0x0800511a   0x0800511a   0x00000002   PAD
    0x0800511c   0x0800511c   0x00000094   Code   RO         1040    .text.UART_Transmit_IT  stm32f1xx_hal_uart.o
    0x080051b0   0x080051b0   0x00000010   Code   RO           91    .text.USART1_IRQHandler  stm32f1xx_it.o
    0x080051c0   0x080051c0   0x00000004   Code   RO           75    .text.UsageFault_Handler  stm32f1xx_it.o
    0x080051c4   0x080051c4   0x00000030   Code   RO          416    .text.__NVIC_EnableIRQ  stm32f1xx_hal_cortex.o
    0x080051f4   0x080051f4   0x00000010   Code   RO          408    .text.__NVIC_GetPriorityGrouping  stm32f1xx_hal_cortex.o
    0x08005204   0x08005204   0x00000042   Code   RO          410    .text.__NVIC_SetPriority  stm32f1xx_hal_cortex.o
    0x08005246   0x08005246   0x00000002   PAD
    0x08005248   0x08005248   0x0000003c   Code   RO          404    .text.__NVIC_SetPriorityGrouping  stm32f1xx_hal_cortex.o
    0x08005284   0x08005284   0x00000068   Code   RO           33    .text.buff_UART_send  main.o
    0x080052ec   0x080052ec   0x00000024   Code   RO           31    .text.get_date      main.o
    0x08005310   0x08005310   0x00000024   Code   RO           29    .text.get_time      main.o
    0x08005334   0x08005334   0x0000008c   Code   RO           27    .text.interrupt_routine  main.o
    0x080053c0   0x080053c0   0x00000016   Code   RO           39    .text.led_off       main.o
    0x080053d6   0x080053d6   0x00000002   PAD
    0x080053d8   0x080053d8   0x00000016   Code   RO           37    .text.led_on        main.o
    0x080053ee   0x080053ee   0x00000002   PAD
    0x080053f0   0x080053f0   0x0000005e   Code   RO           11    .text.main          main.o
    0x0800544e   0x0800544e   0x0000003e   Code   RO         1251    CL$$btod_d2e        c_w.l(btod.o)
    0x0800548c   0x0800548c   0x00000046   Code   RO         1253    CL$$btod_d2e_denorm_low  c_w.l(btod.o)
    0x080054d2   0x080054d2   0x00000060   Code   RO         1252    CL$$btod_d2e_norm_op1  c_w.l(btod.o)
    0x08005532   0x08005532   0x00000002   PAD
    0x08005534   0x08005534   0x00000338   Code   RO         1261    CL$$btod_div_common  c_w.l(btod.o)
    0x0800586c   0x0800586c   0x000000dc   Code   RO         1258    CL$$btod_e2e        c_w.l(btod.o)
    0x08005948   0x08005948   0x0000002a   Code   RO         1255    CL$$btod_ediv       c_w.l(btod.o)
    0x08005972   0x08005972   0x0000002a   Code   RO         1254    CL$$btod_emul       c_w.l(btod.o)
    0x0800599c   0x0800599c   0x00000244   Code   RO         1260    CL$$btod_mult_common  c_w.l(btod.o)
    0x08005be0   0x08005be0   0x00000028   Code   RO         1289    i.__ARM_fpclassify  m_ws.l(fpclassify.o)
    0x08005c08   0x08005c08   0x0000000e   Code   RO         1161    i._is_digit         c_w.l(__printf_wp.o)
    0x08005c16   0x08005c16   0x00000002   PAD
    0x08005c18   0x08005c18   0x0000002c   Code   RO         1276    locale$$code        c_w.l(lc_numeric_c.o)
    0x08005c44   0x08005c44   0x0000002c   Code   RO         1299    locale$$code        c_w.l(lc_ctype_c.o)
    0x08005c70   0x08005c70   0x00000004   Code   RO         1194    x$fpl$printf1       fz_ws.l(printf1.o)
    0x08005c74   0x08005c74   0x00000004   Code   RO         1196    x$fpl$printf2       fz_ws.l(printf2.o)
    0x08005c78   0x08005c78   0x00000000   Code   RO         1288    x$fpl$usenofp       fz_ws.l(usenofp.o)
    0x08005c78   0x08005c78   0x00000008   Data   RO         1120    .constdata          c_w.l(_printf_wctomb.o)
    0x08005c80   0x08005c80   0x00000028   Data   RO         1149    .constdata          c_w.l(_printf_hex_int_ll_ptr.o)
    0x08005ca8   0x08005ca8   0x00000011   Data   RO         1169    .constdata          c_w.l(__printf_flags_ss_wp.o)
    0x08005cb9   0x08005cb9   0x00000026   Data   RO         1226    .constdata          c_w.l(_printf_fp_hex.o)
    0x08005cdf   0x08005cdf   0x00000001   PAD
    0x08005ce0   0x08005ce0   0x00000094   Data   RO         1249    .constdata          c_w.l(bigflt0.o)
    0x08005d74   0x08005d74   0x00000010   Data   RO         1082    .rodata.AHBPrescTable  system_stm32f1xx.o
    0x08005d84   0x08005d84   0x00000008   Data   RO         1083    .rodata.APBPrescTable  system_stm32f1xx.o
    0x08005d8c   0x08005d8c   0x00000010   Data   RO          337    .rodata.HAL_RCCEx_GetPeriphCLKFreq.aPLLMULFactorTable  stm32f1xx_hal_rcc_ex.o
    0x08005d9c   0x08005d9c   0x00000002   Data   RO          338    .rodata.HAL_RCCEx_GetPeriphCLKFreq.aPredivFactorTable  stm32f1xx_hal_rcc_ex.o
    0x08005d9e   0x08005d9e   0x00000010   Data   RO          322    .rodata.HAL_RCC_GetSysClockFreq.aPLLMULFactorTable  stm32f1xx_hal_rcc.o
    0x08005dae   0x08005dae   0x00000002   Data   RO          323    .rodata.HAL_RCC_GetSysClockFreq.aPredivFactorTable  stm32f1xx_hal_rcc.o
    0x08005db0   0x08005db0   0x0000002b   Data   RO           54    .rodata.str1.1      main.o
    0x08005ddb   0x08005ddb   0x00000001   PAD
    0x08005ddc   0x08005ddc   0x00000020   Data   RO         1436    Region$$Table       anon$$obj.o
    0x08005dfc   0x08005dfc   0x0000001c   Data   RO         1275    locale$$data        c_w.l(lc_numeric_c.o)
    0x08005e18   0x08005e18   0x00000110   Data   RO         1298    locale$$data        c_w.l(lc_ctype_c.o)


    Execution Region RW_IRAM1 (Exec base: 0x20000000, Load base: 0x08005f28, Size: 0x00000790, Max: 0x00005000, ABSOLUTE)

    Exec Addr    Load Addr    Size         Type   Attr      Idx    E Section Name        Object

    0x20000000   0x08005f28   0x00000004   Data   RW         1081    .data.SystemCoreClock  system_stm32f1xx.o
    0x20000004   0x08005f2c   0x00000004   Data   RW           52    .data.debounce      main.o
    0x20000008   0x08005f30   0x00000001   Data   RW           50    .data.one_time_flag  main.o
    0x20000009   0x08005f31   0x00000001   Data   RW          283    .data.uwTickFreq    stm32f1xx_hal.o
    0x2000000a   0x08005f32   0x00000002   PAD
    0x2000000c   0x08005f34   0x00000004   Data   RW          282    .data.uwTickPrio    stm32f1xx_hal.o
    0x20000010        -       0x00000060   Zero   RW         1292    .bss                c_w.l(libspace.o)
    0x20000070        -       0x00000024   Zero   RW           53    .bss.RTC_buffer     main.o
    0x20000094        -       0x00000004   Zero   RW           51    .bss.current_time   main.o
    0x20000098        -       0x00000044   Zero   RW           58    .bss.hdma_usart1_tx  main.o
    0x200000dc        -       0x00000014   Zero   RW           56    .bss.hrtc           main.o
    0x200000f0        -       0x00000048   Zero   RW           57    .bss.htim2          main.o
    0x20000138        -       0x00000048   Zero   RW           55    .bss.huart1         main.o
    0x20000180        -       0x00000001   Zero   RW           49    .bss.interrupt_flag  main.o
    0x20000181        -       0x00000004   Zero   RW           48    .bss.sDate          main.o
    0x20000185        -       0x00000003   Zero   RW           47    .bss.sTime          main.o
    0x20000188        -       0x00000004   Zero   RW          284    .bss.uwTick         stm32f1xx_hal.o
    0x2000018c   0x08005f38   0x00000004   PAD
    0x20000190        -       0x00000200   Zero   RW            2    HEAP                startup_stm32f103xb.o
    0x20000390        -       0x00000400   Zero   RW            1    STACK               startup_stm32f103xb.o


==============================================================================

Image component sizes


      Code (inc. data)   RO Data    RW Data    ZI Data      Debug   Object Name

      1340          0         43          5        280      10997   main.o
        64         26        236          0       1536        804   startup_stm32f103xb.o
       188          0          0          5          4       5563   stm32f1xx_hal.o
       482          0          0          0          0       7549   stm32f1xx_hal_cortex.o
      1510          0          0          0          0       6302   stm32f1xx_hal_dma.o
       946          0          0          0          0       4227   stm32f1xx_hal_gpio.o
       458          0          0          0          0       8182   stm32f1xx_hal_msp.o
        12          0          0          0          0       3984   stm32f1xx_hal_pwr.o
      2582          0         18          0          0       7428   stm32f1xx_hal_rcc.o
       862          0         18          0          0       3125   stm32f1xx_hal_rcc_ex.o
      2984          0          0          0          0      10370   stm32f1xx_hal_rtc.o
      1890          0          0          0          0      35681   stm32f1xx_hal_tim.o
       236          0          0          0          0      15110   stm32f1xx_hal_tim_ex.o
      2722          0          0          0          0      20054   stm32f1xx_hal_uart.o
        92          0          0          0          0       1532   stm32f1xx_it.o
         2          0         24          4          0       1570   system_stm32f1xx.o

    ----------------------------------------------------------------------
     16482         26        372         16       1824     142478   Object Totals
         0          0         32          0          0          0   (incl. Generated)
       112          0          1          2          4          0   (incl. Padding)

    ----------------------------------------------------------------------

      Code (inc. data)   RO Data    RW Data    ZI Data      Debug   Library Member Name

         8          0          0          0          0         68   __main.o
       392          4         17          0          0         92   __printf_flags_ss_wp.o
        14          0          0          0          0         68   __printf_wp.o
         0          0          0          0          0          0   __rtentry.o
        12          0          0          0          0          0   __rtentry2.o
         6          0          0          0          0          0   __rtentry4.o
        94          8          0          0          0          0   __scatter.o
        26          0          0          0          0          0   __scatter_copy.o
        28          0          0          0          0          0   __scatter_zi.o
        72          0          0          0          0         96   _c16rtomb.o
         6          0          0          0          0          0   _printf_a.o
         6          0          0          0          0          0   _printf_c.o
        44          0          0          0          0        108   _printf_char.o
        48          6          0          0          0         96   _printf_char_common.o
        40          0          0          0          0         68   _printf_charcount.o
         6          0          0          0          0          0   _printf_d.o
       120         16          0          0          0         92   _printf_dec.o
         6          0          0          0          0          0   _printf_e.o
         6          0          0          0          0          0   _printf_f.o
      1052          0          0          0          0        148   _printf_fp_dec.o
       764          8         38          0          0        100   _printf_fp_hex.o
       128         16          0          0          0         84   _printf_fp_infnan.o
         6          0          0          0          0          0   _printf_g.o
       148          4         40          0          0        160   _printf_hex_int_ll_ptr.o
         6          0          0          0          0          0   _printf_i.o
       178          0          0          0          0         88   _printf_intcommon.o
        10          0          0          0          0          0   _printf_l.o
         6          0          0          0          0          0   _printf_lc.o
        10          0          0          0          0          0   _printf_ll.o
         6          0          0          0          0          0   _printf_lld.o
         6          0          0          0          0          0   _printf_lli.o
         6          0          0          0          0          0   _printf_llo.o
         6          0          0          0          0          0   _printf_llu.o
         6          0          0          0          0          0   _printf_llx.o
       124         16          0          0          0         92   _printf_longlong_dec.o
         6          0          0          0          0          0   _printf_ls.o
         6          0          0          0          0          0   _printf_n.o
         6          0          0          0          0          0   _printf_o.o
       112          8          0          0          0        124   _printf_oct_int_ll.o
         6          0          0          0          0          0   _printf_p.o
        78          0          0          0          0        108   _printf_pad.o
         0          0          0          0          0          0   _printf_percent.o
         4          0          0          0          0          0   _printf_percent_end.o
         6          0          0          0          0          0   _printf_s.o
        82          0          0          0          0         80   _printf_str.o
        36          0          0          0          0         84   _printf_truncate.o
         6          0          0          0          0          0   _printf_u.o
        44          0          0          0          0        108   _printf_wchar.o
       188          6          8          0          0         92   _printf_wctomb.o
         6          0          0          0          0          0   _printf_x.o
        10          0          0          0          0         68   _sputc.o
       228          4        148          0          0         96   bigflt0.o
      1936        128          0          0          0        668   btod.o
        18          0          0          0          0         80   exit.o
         6          0          0          0          0        152   heapauxi.o
         0          0          0          0          0          0   indicate_semi.o
        44         10        272          0          0         76   lc_ctype_c.o
        44         10         28          0          0         76   lc_numeric_c.o
         2          0          0          0          0          0   libinit.o
        30          0          0          0          0          0   libinit2.o
         2          0          0          0          0          0   libshutdown.o
         2          0          0          0          0          0   libshutdown2.o
         8          4          0          0         96         68   libspace.o
       138          0          0          0          0         80   lludiv10.o
        16          4          0          0          0         76   rt_ctype_table.o
         8          4          0          0          0         68   rt_locale_intlibspace.o
        78          0          0          0          0         80   rt_memclr_w.o
         2          0          0          0          0          0   rtexit.o
        10          0          0          0          0          0   rtexit2.o
        44          6          0          0          0         84   sprintf.o
       128          0          0          0          0         68   strcmpv7m.o
        62          0          0          0          0         76   strlen.o
        12          4          0          0          0         68   sys_exit.o
        74          0          0          0          0         80   sys_stackheap_outer.o
         2          0          0          0          0         68   use_no_semi.o
         4          0          0          0          0         68   printf1.o
         4          0          0          0          0         68   printf2.o
         0          0          0          0          0          0   usenofp.o
        40          0          0          0          0         68   fpclassify.o

    ----------------------------------------------------------------------
      6954        266        552          0         96       4192   Library Totals
        20          0          1          0          0          0   (incl. Padding)

    ----------------------------------------------------------------------

      Code (inc. data)   RO Data    RW Data    ZI Data      Debug   Library Name

      6886        266        551          0         96       3988   c_w.l
         8          0          0          0          0        136   fz_ws.l
        40          0          0          0          0         68   m_ws.l

    ----------------------------------------------------------------------
      6954        266        552          0         96       4192   Library Totals

    ----------------------------------------------------------------------

==============================================================================


      Code (inc. data)   RO Data    RW Data    ZI Data      Debug   

     23436        292        924         16       1920     144218   Grand Totals
     23436        292        924         16       1920     144218   ELF Image Totals
     23436        292        924         16          0          0   ROM Totals

==============================================================================

    Total RO  Size (Code + RO Data)                24360 (  23.79kB)
    Total RW  Size (RW Data + ZI Data)              1936 (   1.89kB)
    Total ROM Size (Code + RO Data + RW Data)      24376 (  23.80kB)

==============================================================================

